ARM Linker, 5.03 [Build 76] [MDK-ARM Professional]

==============================================================================

Section Cross References

    startup.o(STACK) refers (Special) to heapauxi.o(.text) for __use_two_region_memory
    startup.o(HEAP) refers (Special) to heapauxi.o(.text) for __use_two_region_memory
    startup.o(RESET) refers (Special) to heapauxi.o(.text) for __use_two_region_memory
    startup.o(RESET) refers to startup.o(STACK) for StackMem
    startup.o(RESET) refers to spaceinvaders.o(i.SysTick_Handler) for SysTick_Handler
    startup.o(RESET) refers to timer0.o(i.Timer0A_Handler) for Timer0A_Handler
    startup.o(RESET) refers to timer1.o(i.Timer1A_Handler) for Timer1A_Handler
    startup.o(RESET) refers to __main.o(!!!main) for __main
    startup.o(.text) refers (Special) to heapauxi.o(.text) for __use_two_region_memory
    startup.o(.text) refers to startup.o(HEAP) for HeapMem
    startup.o(.text) refers to startup.o(STACK) for StackMem
    random.o(.text) refers to random.o(DATA) for M
    timer0.o(i.Timer0A_Handler) refers to timer0.o(.data) for PeriodicTask0
    timer0.o(i.Timer0_Init) refers to timer0.o(.data) for PeriodicTask0
    timer1.o(i.Timer1A_Handler) refers to timer1.o(.data) for PeriodicTask1
    timer1.o(i.Timer1_Init) refers to timer1.o(.data) for PeriodicTask1
    print.o(.text) refers (Special) to st7735.o(i.ST7735_OutString) for ST7735_OutString
    print.o(.text) refers to st7735.o(i.ST7735_OutChar) for ST7735_OutChar
    spaceinvaders.o(i.GetADC) refers to adc.o(i.ADC_In) for ADC_In
    spaceinvaders.o(i.GetADC) refers to spaceinvaders.o(i.abv) for abv
    spaceinvaders.o(i.GetADC) refers to spaceinvaders.o(.data) for ADC_Mailbox
    spaceinvaders.o(i.OutputNextState) refers to st7735.o(i.ST7735_DrawBitmap) for ST7735_DrawBitmap
    spaceinvaders.o(i.OutputNextState) refers to player.o(i.TanksReset) for TanksReset
    spaceinvaders.o(i.OutputNextState) refers to player.o(i.Tank1Print) for Tank1Print
    spaceinvaders.o(i.OutputNextState) refers to player.o(i.Tank2Print) for Tank2Print
    spaceinvaders.o(i.OutputNextState) refers to menu.o(i.PrintButtonMenu) for PrintButtonMenu
    spaceinvaders.o(i.OutputNextState) refers to menu.o(i.PrintPlayer1Turn) for PrintPlayer1Turn
    spaceinvaders.o(i.OutputNextState) refers to menu.o(i.ReturnArrow) for ReturnArrow
    spaceinvaders.o(i.OutputNextState) refers to menu.o(i.PrintPowerMenu) for PrintPowerMenu
    spaceinvaders.o(i.OutputNextState) refers to menu.o(i.SliderMoveArrow) for SliderMoveArrow
    spaceinvaders.o(i.OutputNextState) refers to menu.o(i.PrintAngleMenu) for PrintAngleMenu
    spaceinvaders.o(i.OutputNextState) refers to menu.o(i.PrintMoveMenu) for PrintMoveMenu
    spaceinvaders.o(i.OutputNextState) refers to player.o(i.Tank1MoveRight) for Tank1MoveRight
    spaceinvaders.o(i.OutputNextState) refers to player.o(i.Tank1MoveLeft) for Tank1MoveLeft
    spaceinvaders.o(i.OutputNextState) refers to player.o(i.Delay100ms) for Delay100ms
    spaceinvaders.o(i.OutputNextState) refers to menu.o(i.ClearMenu) for ClearMenu
    spaceinvaders.o(i.OutputNextState) refers to menu.o(i.PrintDeleteTurn) for PrintDeleteTurn
    spaceinvaders.o(i.OutputNextState) refers to projectile.o(i.Player1Fire) for Player1Fire
    spaceinvaders.o(i.OutputNextState) refers to menu.o(i.PrintPlayer2Turn) for PrintPlayer2Turn
    spaceinvaders.o(i.OutputNextState) refers to spaceinvaders.o(.data) for currentState
    spaceinvaders.o(i.OutputNextState) refers to spaceinvaders.o(.constdata) for Intro
    spaceinvaders.o(i.OutputNextState) refers to player.o(i.Tank2MoveRight) for Tank2MoveRight
    spaceinvaders.o(i.OutputNextState) refers to player.o(i.Tank2MoveLeft) for Tank2MoveLeft
    spaceinvaders.o(i.OutputNextState) refers to projectile.o(i.Player2Fire) for Player2Fire
    spaceinvaders.o(i.OutputNextState) refers to st7735.o(i.ST7735_SetCursor) for ST7735_SetCursor
    spaceinvaders.o(i.OutputNextState) refers to st7735.o(i.ST7735_FillScreen) for ST7735_FillScreen
    spaceinvaders.o(i.OutputNextState) refers to st7735.o(i.ST7735_OutString) for ST7735_OutString
    spaceinvaders.o(i.OutputNextState) refers to print.o(.text) for LCD_OutDec
    spaceinvaders.o(i.SysTick_Handler) refers to dac.o(i.DAC_Out) for DAC_Out
    spaceinvaders.o(i.SysTick_Handler) refers to spaceinvaders.o(.data) for dacIndex
    spaceinvaders.o(i.main) refers to pll.o(i.PLL_Init) for PLL_Init
    spaceinvaders.o(i.main) refers to startup.o(.text) for DisableInterrupts
    spaceinvaders.o(i.main) refers to adc.o(i.ADC_Init) for ADC_Init
    spaceinvaders.o(i.main) refers to dac.o(i.DAC_Init) for DAC_Init
    spaceinvaders.o(i.main) refers to spaceinvaders.o(i.PortE_Init) for PortE_Init
    spaceinvaders.o(i.main) refers to timer0.o(i.Timer0_Init) for Timer0_Init
    spaceinvaders.o(i.main) refers to spaceinvaders.o(i.SysTick_Init) for SysTick_Init
    spaceinvaders.o(i.main) refers to st7735.o(i.ST7735_InitR) for ST7735_InitR
[...]
    libinit.o(.ARM.Collect$$libinit$$00000000) refers (Special) to libinit2.o(.ARM.Collect$$libinit$$00000008) for __rt_lib_init_heap_1
    libinit.o(.ARM.Collect$$libinit$$00000000) refers (Special) to libinit2.o(.ARM.Collect$$libinit$$0000000F) for __rt_lib_init_lc_collate_1
    libinit.o(.ARM.Collect$$libinit$$00000000) refers (Special) to libinit2.o(.ARM.Collect$$libinit$$00000011) for __rt_lib_init_lc_ctype_1
    libinit.o(.ARM.Collect$$libinit$$00000000) refers (Special) to libinit2.o(.ARM.Collect$$libinit$$00000013) for __rt_lib_init_lc_monetary_1
    libinit.o(.ARM.Collect$$libinit$$00000000) refers (Special) to libinit2.o(.ARM.Collect$$libinit$$00000015) for __rt_lib_init_lc_numeric_1
    libinit.o(.ARM.Collect$$libinit$$00000000) refers (Special) to libinit2.o(.ARM.Collect$$libinit$$00000017) for __rt_lib_init_lc_time_1
    libinit.o(.ARM.Collect$$libinit$$00000000) refers (Special) to libinit2.o(.ARM.Collect$$libinit$$0000000C) for __rt_lib_init_rand_1
    libinit.o(.ARM.Collect$$libinit$$00000000) refers (Special) to libinit2.o(.ARM.Collect$$libinit$$00000031) for __rt_lib_init_return
    libinit.o(.ARM.Collect$$libinit$$00000000) refers (Special) to libinit2.o(.ARM.Collect$$libinit$$0000001B) for __rt_lib_init_signal_1
    libinit.o(.ARM.Collect$$libinit$$00000000) refers (Special) to libinit2.o(.ARM.Collect$$libinit$$00000023) for __rt_lib_init_stdio_1
    libinit.o(.ARM.Collect$$libinit$$00000000) refers (Special) to libinit2.o(.ARM.Collect$$libinit$$0000000A) for __rt_lib_init_user_alloc_1
    retnan.o(x$fpl$retnan) refers (Special) to usenofp.o(x$fpl$usenofp) for __I$use$fp
    retnan.o(x$fpl$retnan) refers to trapv.o(x$fpl$trapveneer) for __fpl_cmpreturn
    rtexit.o(.ARM.Collect$$rtexit$$00000000) refers (Special) to rtexit2.o(.ARM.Collect$$rtexit$$00000004) for __rt_exit_exit
    rtexit.o(.ARM.Collect$$rtexit$$00000000) refers (Special) to rtexit2.o(.ARM.Collect$$rtexit$$00000003) for __rt_exit_ls
    rtexit.o(.ARM.Collect$$rtexit$$00000000) refers (Special) to rtexit2.o(.ARM.Collect$$rtexit$$00000002) for __rt_exit_prels_1
    rtexit.o(.ARM.exidx) refers (Special) to rtexit2.o(.ARM.Collect$$rtexit$$00000004) for __rt_exit_exit
    rtexit.o(.ARM.exidx) refers (Special) to rtexit2.o(.ARM.Collect$$rtexit$$00000003) for __rt_exit_ls
    rtexit.o(.ARM.exidx) refers (Special) to rtexit2.o(.ARM.Collect$$rtexit$$00000002) for __rt_exit_prels_1
    rtexit.o(.ARM.exidx) refers to rtexit.o(.ARM.Collect$$rtexit$$00000000) for .ARM.Collect$$rtexit$$00000000
    libinit2.o(.ARM.Collect$$libinit$$0000000E) refers to libinit2.o(.ARM.Collect$$libinit$$0000000D) for .ARM.Collect$$libinit$$0000000D
    libinit2.o(.ARM.Collect$$libinit$$00000010) refers to libinit2.o(.ARM.Collect$$libinit$$0000000D) for .ARM.Collect$$libinit$$0000000D
    libinit2.o(.ARM.Collect$$libinit$$00000012) refers to libinit2.o(.ARM.Collect$$libinit$$0000000D) for .ARM.Collect$$libinit$$0000000D
    libinit2.o(.ARM.Collect$$libinit$$00000014) refers to libinit2.o(.ARM.Collect$$libinit$$0000000D) for .ARM.Collect$$libinit$$0000000D
    libinit2.o(.ARM.Collect$$libinit$$00000016) refers to libinit2.o(.ARM.Collect$$libinit$$0000000D) for .ARM.Collect$$libinit$$0000000D
    libinit2.o(.ARM.Collect$$libinit$$00000024) refers to argv_veneer.o(.emb_text) for __ARM_argv_veneer
    libinit2.o(.ARM.Collect$$libinit$$00000025) refers to argv_veneer.o(.emb_text) for __ARM_argv_veneer
    trapv.o(x$fpl$trapveneer) refers (Special) to usenofp.o(x$fpl$usenofp) for __I$use$fp
    rtexit2.o(.ARM.Collect$$rtexit$$00000003) refers to libshutdown.o(.ARM.Collect$$libshutdown$$00000000) for __rt_lib_shutdown
    rtexit2.o(.ARM.Collect$$rtexit$$00000004) refers to sys_exit.o(.text) for _sys_exit
    rtexit2.o(.ARM.exidx) refers to rtexit2.o(.ARM.Collect$$rtexit$$00000001) for .ARM.Collect$$rtexit$$00000001
    rtexit2.o(.ARM.exidx) refers to rtexit2.o(.ARM.Collect$$rtexit$$00000003) for .ARM.Collect$$rtexit$$00000003
    rtexit2.o(.ARM.exidx) refers to rtexit2.o(.ARM.Collect$$rtexit$$00000004) for .ARM.Collect$$rtexit$$00000004
    argv_veneer.o(.emb_text) refers to no_argv.o(.text) for __ARM_get_argv
    sys_exit.o(.text) refers (Special) to use_no_semi.o(.text) for __I$use$semihosting
    sys_exit.o(.text) refers (Special) to indicate_semi.o(.text) for __semihosting_library_function
    _get_argv_nomalloc.o(.text) refers (Special) to hrguard.o(.text) for __heap_region$guard
    _get_argv_nomalloc.o(.text) refers to defsig_rtmem_outer.o(.text) for __rt_SIGRTMEM
    _get_argv_nomalloc.o(.text) refers to sys_command.o(.text) for _sys_command_string
    libshutdown.o(.ARM.Collect$$libshutdown$$00000000) refers (Special) to libshutdown2.o(.ARM.Collect$$libshutdown$$00000006) for __rt_lib_shutdown_fp_trap_1
    libshutdown.o(.ARM.Collect$$libshutdown$$00000000) refers (Special) to libshutdown2.o(.ARM.Collect$$libshutdown$$0000000E) for __rt_lib_shutdown_heap_1
    libshutdown.o(.ARM.Collect$$libshutdown$$00000000) refers (Special) to libshutdown2.o(.ARM.Collect$$libshutdown$$0000000F) for __rt_lib_shutdown_return
    libshutdown.o(.ARM.Collect$$libshutdown$$00000000) refers (Special) to libshutdown2.o(.ARM.Collect$$libshutdown$$00000009) for __rt_lib_shutdown_signal_1
    libshutdown.o(.ARM.Collect$$libshutdown$$00000000) refers (Special) to libshutdown2.o(.ARM.Collect$$libshutdown$$00000003) for __rt_lib_shutdown_stdio_1
    libshutdown.o(.ARM.Collect$$libshutdown$$00000000) refers (Special) to libshutdown2.o(.ARM.Collect$$libshutdown$$0000000B) for __rt_lib_shutdown_user_alloc_1
    sys_command.o(.text) refers (Special) to use_no_semi.o(.text) for __I$use$semihosting
    sys_command.o(.text) refers (Special) to indicate_semi.o(.text) for __semihosting_library_function
    defsig_rtmem_outer.o(.text) refers to defsig_rtmem_inner.o(.text) for __rt_SIGRTMEM_inner
    defsig_rtmem_outer.o(.text) refers to defsig_exit.o(.text) for __sig_exit
    defsig_rtmem_formal.o(.text) refers to rt_raise.o(.text) for __rt_raise
    rt_raise.o(.text) refers to __raise.o(.text) for __raise
    rt_raise.o(.text) refers to sys_exit.o(.text) for _sys_exit
    defsig_exit.o(.text) refers to sys_exit.o(.text) for _sys_exit
    defsig_rtmem_inner.o(.text) refers to defsig_general.o(.text) for __default_signal_display
    __raise.o(.text) refers to defsig.o(CL$$defsig) for __default_signal_handler
    defsig_general.o(.text) refers to sys_wrch.o(.text) for _ttywrch
    sys_wrch.o(.text) refers (Special) to use_no_semi.o(.text) for __I$use$semihosting
    sys_wrch.o(.text) refers (Special) to indicate_semi.o(.text) for __semihosting_library_function
    defsig.o(CL$$defsig) refers to defsig_rtmem_inner.o(.text) for __rt_SIGRTMEM_inner
    defsig_abrt_inner.o(.text) refers to defsig_general.o(.text) for __default_signal_display
    defsig_fpe_inner.o(.text) refers to defsig_general.o(.text) for __default_signal_display
    defsig_rtred_inner.o(.text) refers to defsig_general.o(.text) for __default_signal_display
    defsig_stak_inner.o(.text) refers to defsig_general.o(.text) for __default_signal_display
    defsig_pvfn_inner.o(.text) refers to defsig_general.o(.text) for __default_signal_display
    defsig_cppl_inner.o(.text) refers to defsig_general.o(.text) for __default_signal_display
    defsig_segv_inner.o(.text) refers to defsig_general.o(.text) for __default_signal_display
    defsig_other.o(.text) refers to defsig_general.o(.text) for __default_signal_display


==============================================================================

Removing Unused input sections from the image.

    Removing random.o(DATA), (4 bytes).
    Removing random.o(.text), (64 bytes).
    Removing timer1.o(i.Timer1_Init), (96 bytes).
    Removing st7735.o(i.Output_Clear), (10 bytes).
    Removing st7735.o(i.Output_Color), (12 bytes).
    Removing st7735.o(i.Output_Init), (16 bytes).
    Removing st7735.o(i.Output_Off), (8 bytes).
    Removing st7735.o(i.Output_On), (8 bytes).
    Removing st7735.o(i.ST7735_Color565), (24 bytes).
    Removing st7735.o(i.ST7735_DrawChar), (268 bytes).
    Removing st7735.o(i.ST7735_DrawFastHLine), (124 bytes).
    Removing st7735.o(i.ST7735_DrawFastVLine), (124 bytes).
    Removing st7735.o(i.ST7735_InitB), (40 bytes).
    Removing st7735.o(i.ST7735_InvertDisplay), (22 bytes).
    Removing st7735.o(i.ST7735_OutUDec), (140 bytes).
    Removing st7735.o(i.ST7735_PlotBar), (88 bytes).
    Removing st7735.o(i.ST7735_PlotClear), (92 bytes).
    Removing st7735.o(i.ST7735_PlotLine), (264 bytes).
    Removing st7735.o(i.ST7735_PlotNext), (32 bytes).
    Removing st7735.o(i.ST7735_PlotNextErase), (64 bytes).
    Removing st7735.o(i.ST7735_PlotPoint), (152 bytes).
    Removing st7735.o(i.ST7735_PlotPoints), (172 bytes).
    Removing st7735.o(i.ST7735_PlotdBfs), (60 bytes).
    Removing st7735.o(i.ST7735_SetRotation), (212 bytes).
    Removing st7735.o(i.ST7735_SetTextColor), (12 bytes).
    Removing st7735.o(i.ST7735_SwapColor), (18 bytes).
    Removing st7735.o(i.ferror), (8 bytes).
    Removing st7735.o(i.fgetc), (6 bytes).
    Removing st7735.o(i.fillmessage), (72 bytes).
    Removing st7735.o(i.fputc), (16 bytes).
    Removing st7735.o(.bss), (12 bytes).
    Removing menu.o(i.MoveArrowLeft), (124 bytes).
    Removing menu.o(i.MoveArrowRight), (124 bytes).
    Removing projectile.o(i.ProjectileSetVel), (12 bytes).
    Removing projectile.o(i.abs), (14 bytes).

35 unused section(s) (total 2514 bytes) removed from the image.

==============================================================================

Image Symbol Table

    Local Symbols

    Symbol Name                              Value     Ov Type        Size  Object(Section)

    RESET                                    0x00000000   Section      644  startup.o(RESET)
    ../clib/angel/boardlib.s                 0x00000000   Number         0  boardshut.o ABSOLUTE
    ../clib/angel/boardlib.s                 0x00000000   Number         0  boardinit1.o ABSOLUTE
    ../clib/angel/boardlib.s                 0x00000000   Number         0  boardinit3.o ABSOLUTE
    ../clib/angel/boardlib.s                 0x00000000   Number         0  boardinit2.o ABSOLUTE
    ../clib/angel/dclz77c.s                  0x00000000   Number         0  __dclz77c.o ABSOLUTE
    ../clib/angel/handlers.s                 0x00000000   Number         0  __scatter_zi.o ABSOLUTE
    ../clib/angel/kernel.s                   0x00000000   Number         0  rtentry4.o ABSOLUTE
    ../clib/angel/kernel.s                   0x00000000   Number         0  rtexit2.o ABSOLUTE
    ../clib/angel/kernel.s                   0x00000000   Number         0  rtentry.o ABSOLUTE
    ../clib/angel/kernel.s                   0x00000000   Number         0  rtentry2.o ABSOLUTE
    ../clib/angel/kernel.s                   0x00000000   Number         0  rtexit.o ABSOLUTE
    ../clib/angel/rt.s                       0x00000000   Number         0  rt_errno_addr.o ABSOLUTE
    ../clib/angel/rt.s                       0x00000000   Number         0  rt_raise.o ABSOLUTE
    ../clib/angel/rt.s                       0x00000000   Number         0  rt_errno_addr_intlibspace.o ABSOLUTE
    ../clib/angel/scatter.s                  0x00000000   Number         0  __scatter.o ABSOLUTE
    ../clib/angel/startup.s                  0x00000000   Number         0  __main.o ABSOLUTE
    ../clib/angel/sys.s                      0x00000000   Number         0  sys_stackheap_outer.o ABSOLUTE
    ../clib/angel/sys.s                      0x00000000   Number         0  libspace.o ABSOLUTE
    ../clib/angel/sys.s                      0x00000000   Number         0  use_no_semi.o ABSOLUTE
    ../clib/angel/sys.s                      0x00000000   Number         0  indicate_semi.o ABSOLUTE
    ../clib/angel/sysapp.c                   0x00000000   Number         0  sys_command.o ABSOLUTE
    ../clib/angel/sysapp.c                   0x00000000   Number         0  sys_wrch.o ABSOLUTE
    ../clib/angel/sysapp.c                   0x00000000   Number         0  sys_exit.o ABSOLUTE
    ../clib/armsys.c                         0x00000000   Number         0  no_argv.o ABSOLUTE
    ../clib/armsys.c                         0x00000000   Number         0  argv_veneer.o ABSOLUTE
    ../clib/armsys.c                         0x00000000   Number         0  argv_veneer.o ABSOLUTE
    ../clib/armsys.c                         0x00000000   Number         0  _get_argv_nomalloc.o ABSOLUTE
    ../clib/fenv.c                           0x00000000   Number         0  _rserrno.o ABSOLUTE
    ../clib/heapalloc.c                      0x00000000   Number         0  hrguard.o ABSOLUTE
    ../clib/heapaux.c                        0x00000000   Number         0  heapauxi.o ABSOLUTE
    ../clib/libinit.s                        0x00000000   Number         0  libshutdown.o ABSOLUTE
    ../clib/libinit.s                        0x00000000   Number         0  libshutdown2.o ABSOLUTE
    ../clib/libinit.s                        0x00000000   Number         0  libinit.o ABSOLUTE
    ../clib/libinit.s                        0x00000000   Number         0  libinit2.o ABSOLUTE
    ../clib/signal.c                         0x00000000   Number         0  defsig_rtmem_outer.o ABSOLUTE
    ../clib/signal.c                         0x00000000   Number         0  __raise.o ABSOLUTE
    ../clib/signal.c                         0x00000000   Number         0  defsig_other.o ABSOLUTE
    ../clib/signal.c                         0x00000000   Number         0  defsig_segv_inner.o ABSOLUTE
    ../clib/signal.c                         0x00000000   Number         0  defsig_cppl_inner.o ABSOLUTE
    ../clib/signal.c                         0x00000000   Number         0  defsig_pvfn_inner.o ABSOLUTE
    ../clib/signal.c                         0x00000000   Number         0  defsig_stak_inner.o ABSOLUTE
    ../clib/signal.c                         0x00000000   Number         0  defsig_rtred_inner.o ABSOLUTE
    ../clib/signal.c                         0x00000000   Number         0  defsig_fpe_inner.o ABSOLUTE
    ../clib/signal.c                         0x00000000   Number         0  defsig_abrt_inner.o ABSOLUTE
    ../clib/signal.c                         0x00000000   Number         0  defsig_general.o ABSOLUTE
    ../clib/signal.c                         0x00000000   Number         0  defsig_rtmem_inner.o ABSOLUTE
    ../clib/signal.c                         0x00000000   Number         0  defsig_exit.o ABSOLUTE
    ../clib/signal.c                         0x00000000   Number         0  defsig_rtmem_formal.o ABSOLUTE
    ../clib/signal.s                         0x00000000   Number         0  defsig.o ABSOLUTE
    ../clib/stdlib.c                         0x00000000   Number         0  exit.o ABSOLUTE
    ../fplib/daddsub.s                       0x00000000   Number         0  daddsub_clz.o ABSOLUTE
    ../fplib/dcheck1.s                       0x00000000   Number         0  dcheck1.o ABSOLUTE
    ../fplib/ddiv.s                          0x00000000   Number         0  ddiv.o ABSOLUTE
    ../fplib/dfix.s                          0x00000000   Number         0  dfix.o ABSOLUTE
    ../fplib/dflt.s                          0x00000000   Number         0  dflt_clz.o ABSOLUTE
    ../fplib/dmul.s                          0x00000000   Number         0  dmul.o ABSOLUTE
    ../fplib/dnaninf.s                       0x00000000   Number         0  dnaninf.o ABSOLUTE
    ../fplib/dretinf.s                       0x00000000   Number         0  dretinf.o ABSOLUTE
    ../fplib/fpinit.s                        0x00000000   Number         0  fpinit.o ABSOLUTE
    ../fplib/retnan.s                        0x00000000   Number         0  retnan.o ABSOLUTE
    ../fplib/scalbn.s                        0x00000000   Number         0  scalbn.o ABSOLUTE
    ../fplib/trapv.s                         0x00000000   Number         0  trapv.o ABSOLUTE
    ../fplib/usenofp.s                       0x00000000   Number         0  usenofp.o ABSOLUTE
    ../mathlib/cos.c                         0x00000000   Number         0  cos.o ABSOLUTE
    ../mathlib/cos.c                         0x00000000   Number         0  cos_x.o ABSOLUTE
    ../mathlib/cos_i.c                       0x00000000   Number         0  cos_i.o ABSOLUTE
    ../mathlib/dunder.c                      0x00000000   Number         0  dunder.o ABSOLUTE
    ../mathlib/fpclassify.c                  0x00000000   Number         0  fpclassify.o ABSOLUTE
    ../mathlib/poly.c                        0x00000000   Number         0  poly.o ABSOLUTE
    ../mathlib/rred.c                        0x00000000   Number         0  rred.o ABSOLUTE
    ../mathlib/sin.c                         0x00000000   Number         0  sin_x.o ABSOLUTE
    ../mathlib/sin.c                         0x00000000   Number         0  sin.o ABSOLUTE
    ../mathlib/sin_i.c                       0x00000000   Number         0  sin_i.o ABSOLUTE
    ../mathlib/sin_i.c                       0x00000000   Number         0  sin_i_x.o ABSOLUTE
    ADC.c                                    0x00000000   Number         0  adc.o ABSOLUTE
    DAC.c                                    0x00000000   Number         0  dac.o ABSOLUTE
    LCD.s                                    0x00000000   Number         0  lcd.o ABSOLUTE
    Menu.c                                   0x00000000   Number         0  menu.o ABSOLUTE
    PLL.c                                    0x00000000   Number         0  pll.o ABSOLUTE
    Print.s                                  0x00000000   Number         0  print.o ABSOLUTE
    Projectile.c                             0x00000000   Number         0  projectile.o ABSOLUTE
    ST7735.c                                 0x00000000   Number         0  st7735.o ABSOLUTE
    Sound.c                                  0x00000000   Number         0  sound.o ABSOLUTE
    SpaceInvaders.c                          0x00000000   Number         0  spaceinvaders.o ABSOLUTE
    Timer0.c                                 0x00000000   Number         0  timer0.o ABSOLUTE
    Timer1.c                                 0x00000000   Number         0  timer1.o ABSOLUTE
    dc.s                                     0x00000000   Number         0  dc.o ABSOLUTE
    player.c                                 0x00000000   Number         0  player.o ABSOLUTE
    random.s                                 0x00000000   Number         0  random.o ABSOLUTE
    startup.s                                0x00000000   Number         0  startup.o ABSOLUTE
    !!!main                                  0x00000284   Section        8  __main.o(!!!main)
    !!!scatter                               0x0000028c   Section       52  __scatter.o(!!!scatter)
    !!dclz77c                                0x000002c0   Section      100  __dclz77c.o(!!dclz77c)
    !!handler_zi                             0x00000324   Section       28  __scatter_zi.o(!!handler_zi)
    .ARM.Collect$$libinit$$00000000          0x00000340   Section        2  libinit.o(.ARM.Collect$$libinit$$00000000)
    .ARM.Collect$$libinit$$00000002          0x00000342   Section        0  libinit2.o(.ARM.Collect$$libinit$$00000002)
    .ARM.Collect$$libinit$$00000008          0x00000342   Section        0  libinit2.o(.ARM.Collect$$libinit$$00000008)
    .ARM.Collect$$libinit$$0000000A          0x00000342   Section        0  libinit2.o(.ARM.Collect$$libinit$$0000000A)
    .ARM.Collect$$libinit$$0000000C          0x00000342   Section        0  libinit2.o(.ARM.Collect$$libinit$$0000000C)
    .ARM.Collect$$libinit$$0000000F          0x00000342   Section        0  libinit2.o(.ARM.Collect$$libinit$$0000000F)
    .ARM.Collect$$libinit$$00000011          0x00000342   Section        0  libinit2.o(.ARM.Collect$$libinit$$00000011)
    .ARM.Collect$$libinit$$00000013          0x00000342   Section        0  libinit2.o(.ARM.Collect$$libinit$$00000013)
    .ARM.Collect$$libinit$$00000015          0x00000342   Section        0  libinit2.o(.ARM.Collect$$libinit$$00000015)
    .ARM.Collect$$libinit$$00000017          0x00000342   Section        0  libinit2.o(.ARM.Collect$$libinit$$00000017)
    .ARM.Collect$$libinit$$00000019          0x00000342   Section        0  libinit2.o(.ARM.Collect$$libinit$$00000019)
    .ARM.Collect$$libinit$$0000001B          0x00000342   Section        0  libinit2.o(.ARM.Collect$$libinit$$0000001B)
    .ARM.Collect$$libinit$$0000001D          0x00000342   Section        0  libinit2.o(.ARM.Collect$$libinit$$0000001D)
    .ARM.Collect$$libinit$$0000001F          0x00000342   Section        0  libinit2.o(.ARM.Collect$$libinit$$0000001F)
    .ARM.Collect$$libinit$$00000021          0x00000342   Section        0  libinit2.o(.ARM.Collect$$libinit$$00000021)
    .ARM.Collect$$libinit$$00000023          0x00000342   Section        0  libinit2.o(.ARM.Collect$$libinit$$00000023)
    .ARM.Collect$$libinit$$0000002A          0x00000342   Section        0  libinit2.o(.ARM.Collect$$libinit$$0000002A)
    .ARM.Collect$$libinit$$0000002C          0x00000342   Section        0  libinit2.o(.ARM.Collect$$libinit$$0000002C)
    .ARM.Collect$$libinit$$0000002E          0x00000342   Section        0  libinit2.o(.ARM.Collect$$libinit$$0000002E)
    .ARM.Collect$$libinit$$00000030          0x00000342   Section        0  libinit2.o(.ARM.Collect$$libinit$$00000030)
    .ARM.Collect$$libinit$$00000031          0x00000342   Section        2  libinit2.o(.ARM.Collect$$libinit$$00000031)
    .ARM.Collect$$libshutdown$$00000000      0x00000344   Section        2  libshutdown.o(.ARM.Collect$$libshutdown$$00000000)
    .ARM.Collect$$libshutdown$$00000003      0x00000346   Section        0  libshutdown2.o(.ARM.Collect$$libshutdown$$00000003)
    .ARM.Collect$$libshutdown$$00000006      0x00000346   Section        0  libshutdown2.o(.ARM.Collect$$libshutdown$$00000006)
    .ARM.Collect$$libshutdown$$00000009      0x00000346   Section        0  libshutdown2.o(.ARM.Collect$$libshutdown$$00000009)
    .ARM.Collect$$libshutdown$$0000000B      0x00000346   Section        0  libshutdown2.o(.ARM.Collect$$libshutdown$$0000000B)
    .ARM.Collect$$libshutdown$$0000000E      0x00000346   Section        0  libshutdown2.o(.ARM.Collect$$libshutdown$$0000000E)
    .ARM.Collect$$libshutdown$$0000000F      0x00000346   Section        2  libshutdown2.o(.ARM.Collect$$libshutdown$$0000000F)
    .ARM.Collect$$rtentry$$00000000          0x00000348   Section        0  rtentry.o(.ARM.Collect$$rtentry$$00000000)
    .ARM.Collect$$rtentry$$00000002          0x00000348   Section        0  rtentry2.o(.ARM.Collect$$rtentry$$00000002)
    .ARM.Collect$$rtentry$$00000004          0x00000348   Section        6  rtentry4.o(.ARM.Collect$$rtentry$$00000004)
    .ARM.Collect$$rtentry$$00000009          0x0000034e   Section        0  rtentry2.o(.ARM.Collect$$rtentry$$00000009)
    .ARM.Collect$$rtentry$$0000000A          0x0000034e   Section        4  rtentry2.o(.ARM.Collect$$rtentry$$0000000A)
    .ARM.Collect$$rtentry$$0000000C          0x00000352   Section        0  rtentry2.o(.ARM.Collect$$rtentry$$0000000C)
    .ARM.Collect$$rtentry$$0000000D          0x00000352   Section        8  rtentry2.o(.ARM.Collect$$rtentry$$0000000D)
    .ARM.Collect$$rtexit$$00000000           0x0000035a   Section        2  rtexit.o(.ARM.Collect$$rtexit$$00000000)
    .ARM.Collect$$rtexit$$00000002           0x0000035c   Section        0  rtexit2.o(.ARM.Collect$$rtexit$$00000002)
    .ARM.Collect$$rtexit$$00000003           0x0000035c   Section        4  rtexit2.o(.ARM.Collect$$rtexit$$00000003)
    .ARM.Collect$$rtexit$$00000004           0x00000360   Section        6  rtexit2.o(.ARM.Collect$$rtexit$$00000004)
    .text                                    0x00000368   Section       48  startup.o(.text)
    .text                                    0x00000398   Section       76  lcd.o(.text)
    .text                                    0x000003e4   Section      356  print.o(.text)
    .text                                    0x00000548   Section        0  heapauxi.o(.text)
    .text                                    0x0000054e   Section        0  _rserrno.o(.text)
    .text                                    0x00000564   Section        8  rt_errno_addr_intlibspace.o(.text)
    .text                                    0x0000056c   Section        8  libspace.o(.text)
    .text                                    0x00000574   Section       74  sys_stackheap_outer.o(.text)
    .text                                    0x000005be   Section        0  exit.o(.text)
    .text                                    0x000005cc   Section        0  sys_exit.o(.text)
    .text                                    0x000005d8   Section        2  use_no_semi.o(.text)
    .text                                    0x000005da   Section        0  indicate_semi.o(.text)
    i.ADC_In                                 0x000005dc   Section        0  adc.o(i.ADC_In)
    i.ADC_Init                               0x0000060c   Section        0  adc.o(i.ADC_Init)
    i.ClearMenu                              0x000006f0   Section        0  menu.o(i.ClearMenu)
    i.DAC_Init                               0x00000708   Section        0  dac.o(i.DAC_Init)
    i.DAC_Out                                0x00000748   Section        0  dac.o(i.DAC_Out)
    i.Delay                                  0x00000758   Section        0  projectile.o(i.Delay)
    i.Delay100ms                             0x00000768   Section        0  player.o(i.Delay100ms)
    i.Delay1ms                               0x0000078c   Section        0  st7735.o(i.Delay1ms)
    i.DeleteProjectile                       0x000007ac   Section        0  projectile.o(i.DeleteProjectile)
    i.GetADC                                 0x000007d0   Section        0  spaceinvaders.o(i.GetADC)
    i.OutputNextState                        0x000007f4   Section        0  spaceinvaders.o(i.OutputNextState)
    i.PLL_Init                               0x00000e94   Section        0  pll.o(i.PLL_Init)
    i.Player1Fire                            0x00000f10   Section        0  projectile.o(i.Player1Fire)
    i.Player2Fire                            0x00001114   Section        0  projectile.o(i.Player2Fire)
    i.PortE_Init                             0x00001324   Section        0  spaceinvaders.o(i.PortE_Init)
    i.PrintAngleMenu                         0x0000135c   Section        0  menu.o(i.PrintAngleMenu)
    i.PrintArrow                             0x00001374   Section        0  menu.o(i.PrintArrow)
    i.PrintButtonMenu                        0x000013c8   Section        0  menu.o(i.PrintButtonMenu)
    i.PrintDeleteTurn                        0x000013e0   Section        0  menu.o(i.PrintDeleteTurn)
    i.PrintMoveMenu                          0x000013f8   Section        0  menu.o(i.PrintMoveMenu)
    i.PrintPlayer1Turn                       0x00001410   Section        0  menu.o(i.PrintPlayer1Turn)
    i.PrintPlayer2Turn                       0x00001428   Section        0  menu.o(i.PrintPlayer2Turn)
    i.PrintPowerMenu                         0x00001440   Section        0  menu.o(i.PrintPowerMenu)
    i.PrintProjectile                        0x00001458   Section        0  projectile.o(i.PrintProjectile)
    i.ProjectileSetPos                       0x000014c0   Section        0  projectile.o(i.ProjectileSetPos)
    i.ReturnArrow                            0x000014cc   Section        0  menu.o(i.ReturnArrow)
    i.ST7735_DrawBitmap                      0x000014e8   Section        0  st7735.o(i.ST7735_DrawBitmap)
    i.ST7735_DrawCharS                       0x00001608   Section        0  st7735.o(i.ST7735_DrawCharS)
    i.ST7735_DrawPixel                       0x000016fc   Section        0  st7735.o(i.ST7735_DrawPixel)
    i.ST7735_DrawString                      0x00001744   Section        0  st7735.o(i.ST7735_DrawString)
    i.ST7735_FillRect                        0x0000179c   Section        0  st7735.o(i.ST7735_FillRect)
    i.ST7735_FillScreen                      0x00001848   Section        0  st7735.o(i.ST7735_FillScreen)
    i.ST7735_InitR                           0x0000186c   Section        0  st7735.o(i.ST7735_InitR)
    i.ST7735_OutChar                         0x000018e8   Section        0  st7735.o(i.ST7735_OutChar)
    i.ST7735_OutString                       0x000019bc   Section        0  st7735.o(i.ST7735_OutString)
    i.ST7735_SetCursor                       0x000019d4   Section        0  st7735.o(i.ST7735_SetCursor)
    i.SliderMoveArrow                        0x000019f4   Section        0  menu.o(i.SliderMoveArrow)
    i.SysTick_Handler                        0x00001a10   Section        0  spaceinvaders.o(i.SysTick_Handler)
    i.SysTick_Init                           0x00001a5c   Section        0  spaceinvaders.o(i.SysTick_Init)
    i.Tank1GetPos                            0x00001a8c   Section        0  player.o(i.Tank1GetPos)
    i.Tank1MoveLeft                          0x00001a98   Section        0  player.o(i.Tank1MoveLeft)
    i.Tank1MoveRight                         0x00001ac8   Section        0  player.o(i.Tank1MoveRight)
    i.Tank1Print                             0x00001af8   Section        0  player.o(i.Tank1Print)
    i.Tank2GetPos                            0x00001b1c   Section        0  player.o(i.Tank2GetPos)
    i.Tank2MoveLeft                          0x00001b28   Section        0  player.o(i.Tank2MoveLeft)
    i.Tank2MoveRight                         0x00001b58   Section        0  player.o(i.Tank2MoveRight)
    i.Tank2Print                             0x00001b88   Section        0  player.o(i.Tank2Print)
    i.TanksReset                             0x00001bac   Section        0  player.o(i.TanksReset)
    i.Timer0A_Handler                        0x00001bcc   Section        0  timer0.o(i.Timer0A_Handler)
    i.Timer0_Init                            0x00001be4   Section        0  timer0.o(i.Timer0_Init)
    i.Timer1A_Handler                        0x00001c44   Section        0  timer1.o(i.Timer1A_Handler)
    i.__ARM_fpclassify                       0x00001c5c   Section        0  fpclassify.o(i.__ARM_fpclassify)
    i.__ieee754_rem_pio2                     0x00001c84   Section        0  rred.o(i.__ieee754_rem_pio2)
    i.__kernel_cos                           0x0000200c   Section        0  cos_i.o(i.__kernel_cos)
    i.__kernel_poly                          0x00002108   Section        0  poly.o(i.__kernel_poly)
    i.__kernel_sin                           0x000021b4   Section        0  sin_i.o(i.__kernel_sin)
    i.__mathlib_dbl_underflow                0x000022a0   Section        0  dunder.o(i.__mathlib_dbl_underflow)
    i.abv                                    0x000022b0   Section        0  spaceinvaders.o(i.abv)
    i.commandList                            0x000022be   Section        0  st7735.o(i.commandList)
    commandList                              0x000022bf   Thumb Code    86  st7735.o(i.commandList)
    i.commonInit                             0x00002314   Section        0  st7735.o(i.commonInit)
    commonInit                               0x00002315   Thumb Code   340  st7735.o(i.commonInit)
    i.cos                                    0x00002498   Section        0  cos.o(i.cos)
    i.main                                   0x00002544   Section        0  spaceinvaders.o(i.main)
    i.pushColor                              0x000025d0   Section        0  st7735.o(i.pushColor)
    pushColor                                0x000025d1   Thumb Code    18  st7735.o(i.pushColor)
    i.setAddrWindow                          0x000025e4   Section        0  st7735.o(i.setAddrWindow)
    setAddrWindow                            0x000025e5   Thumb Code   106  st7735.o(i.setAddrWindow)
    i.sin                                    0x00002658   Section        0  sin.o(i.sin)
    x$fpl$dadd                               0x00002708   Section      336  daddsub_clz.o(x$fpl$dadd)
    _dadd1                                   0x00002719   Thumb Code     0  daddsub_clz.o(x$fpl$dadd)
    x$fpl$dcheck1                            0x00002858   Section       16  dcheck1.o(x$fpl$dcheck1)
    x$fpl$ddiv                               0x00002868   Section      688  ddiv.o(x$fpl$ddiv)
    ddiv_entry                               0x0000286f   Thumb Code     0  ddiv.o(x$fpl$ddiv)
    x$fpl$dfix                               0x00002b18   Section       94  dfix.o(x$fpl$dfix)
    x$fpl$dflt                               0x00002b76   Section       46  dflt_clz.o(x$fpl$dflt)
    x$fpl$dfltu                              0x00002ba4   Section       38  dflt_clz.o(x$fpl$dfltu)
    x$fpl$dmul                               0x00002bcc   Section      340  dmul.o(x$fpl$dmul)
    x$fpl$dnaninf                            0x00002d20   Section      156  dnaninf.o(x$fpl$dnaninf)
    x$fpl$dretinf                            0x00002dbc   Section       12  dretinf.o(x$fpl$dretinf)
    x$fpl$drsb                               0x00002dc8   Section       22  daddsub_clz.o(x$fpl$drsb)
    x$fpl$dsub                               0x00002de0   Section      468  daddsub_clz.o(x$fpl$dsub)
    _dsub1                                   0x00002df1   Thumb Code     0  daddsub_clz.o(x$fpl$dsub)
    x$fpl$retnan                             0x00002fb4   Section      100  retnan.o(x$fpl$retnan)
    x$fpl$scalbn                             0x00003018   Section       92  scalbn.o(x$fpl$scalbn)
    x$fpl$trapveneer                         0x00003074   Section       48  trapv.o(x$fpl$trapveneer)
    .constdata                               0x000030a4   Section    81920  spaceinvaders.o(.constdata)
    x$fpl$usenofp                            0x000030a4   Section        0  usenofp.o(x$fpl$usenofp)
    .constdata                               0x000170a4   Section     2018  st7735.o(.constdata)
    Font                                     0x000170a4   Data        1275  st7735.o(.constdata)
    Bcmd                                     0x0001759f   Data         103  st7735.o(.constdata)
    Rcmd1                                    0x00017606   Data          59  st7735.o(.constdata)
    Rcmd2green                               0x00017641   Data          13  st7735.o(.constdata)
    Rcmd2red                                 0x0001764e   Data          13  st7735.o(.constdata)
    Rcmd3                                    0x0001765b   Data          43  st7735.o(.constdata)
    .constdata                               0x00017886   Section      288  player.o(.constdata)
    .constdata                               0x000179a6   Section    74456  menu.o(.constdata)
    .constdata                               0x00029c7e   Section    40964  projectile.o(.constdata)
    .constdata                               0x00033c88   Section       48  cos_i.o(.constdata)
    C                                        0x00033c88   Data          48  cos_i.o(.constdata)
    .constdata                               0x00033cb8   Section      200  rred.o(.constdata)
    pio2s                                    0x00033cb8   Data          48  rred.o(.constdata)
    twooverpi                                0x00033ce8   Data         152  rred.o(.constdata)
    .constdata                               0x00033d80   Section       40  sin_i.o(.constdata)
    S                                        0x00033d80   Data          40  sin_i.o(.constdata)
    .data                                    0x20000000   Section        4  timer0.o(.data)
    .data                                    0x20000004   Section        4  timer1.o(.data)
    .data                                    0x20000008   Section    28112  spaceinvaders.o(.data)
    .data                                    0x20006dd8   Section       44  st7735.o(.data)
    _width                                   0x20006de2   Data           2  st7735.o(.data)
    _height                                  0x20006de4   Data           2  st7735.o(.data)
    ColStart                                 0x20006dec   Data           1  st7735.o(.data)
    RowStart                                 0x20006ded   Data           1  st7735.o(.data)
    Rotation                                 0x20006dee   Data           1  st7735.o(.data)
    TabColor                                 0x20006def   Data           1  st7735.o(.data)
    .data                                    0x20006e04   Section       24  player.o(.data)
    .data                                    0x20006e1c   Section       28  menu.o(.data)
    .data                                    0x20006e38   Section       24  projectile.o(.data)
    .bss                                     0x20006e50   Section       96  libspace.o(.bss)
    HEAP                                     0x20006eb0   Section        0  startup.o(HEAP)
    STACK                                    0x20006eb0   Section     1024  startup.o(STACK)
    HeapMem                                  0x20006eb0   Data           0  startup.o(HEAP)
    StackMem                                 0x20006eb0   Data           0  startup.o(STACK)

    Global Symbols

    Symbol Name                              Value     Ov Type        Size  Object(Section)

    BuildAttributes$$THM_ISAv4$E$P$D$K$B$S$7EM$PE$A:L22UL41UL21$X:L11$S22US41US21$IEEE1$IW$USESV6$~STKCKD$USESV7$~SHL$OTIME$ROPI$IEEEX$EBA8$UX$STANDARDLIB$REQ8$PRES8$EABIv2 0x00000000   Number         0  anon$$obj.o ABSOLUTE
    __ARM_use_no_argv                        0x00000000   Number         0  spaceinvaders.o ABSOLUTE
    __Vectors                                0x00000000   Data           0  startup.o(RESET)
    __ARM_exceptions_init                     - Undefined Weak Reference
    __alloca_initialize                       - Undefined Weak Reference
    __cpp_initialize__aeabi_                  - Undefined Weak Reference
    __cxa_finalize                            - Undefined Weak Reference
    __rt_locale                               - Undefined Weak Reference
    __sigvec_lookup                           - Undefined Weak Reference
    _atexit_init                              - Undefined Weak Reference
    _call_atexit_fns                          - Undefined Weak Reference
    _clock_init                               - Undefined Weak Reference
    _fp_trap_init                             - Undefined Weak Reference
    _fp_trap_shutdown                         - Undefined Weak Reference
    _get_lc_collate                           - Undefined Weak Reference
    _get_lc_ctype                             - Undefined Weak Reference
    _get_lc_monetary                          - Undefined Weak Reference
    _get_lc_numeric                           - Undefined Weak Reference
    _get_lc_time                              - Undefined Weak Reference
    _getenv_init                              - Undefined Weak Reference
    _handle_redirection                       - Undefined Weak Reference
    _init_alloc                               - Undefined Weak Reference
    _init_user_alloc                          - Undefined Weak Reference
    _initio                                   - Undefined Weak Reference
    _rand_init                                - Undefined Weak Reference
    _signal_finish                            - Undefined Weak Reference
    _signal_init                              - Undefined Weak Reference
    _terminate_alloc                          - Undefined Weak Reference
    _terminate_user_alloc                     - Undefined Weak Reference
    _terminateio                              - Undefined Weak Reference
    Reset_Handler                            0x0000026d   Thumb Code     0  startup.o(RESET)
    NMI_Handler                              0x00000271   Thumb Code     2  startup.o(RESET)
    HardFault_Handler                        0x00000273   Thumb Code     2  startup.o(RESET)
    MemManage_Handler                        0x00000275   Thumb Code     2  startup.o(RESET)
    BusFault_Handler                         0x00000277   Thumb Code     2  startup.o(RESET)
    UsageFault_Handler                       0x00000279   Thumb Code     2  startup.o(RESET)
    SVC_Handler                              0x0000027b   Thumb Code     2  startup.o(RESET)
    DebugMon_Handler                         0x0000027d   Thumb Code     2  startup.o(RESET)
    PendSV_Handler                           0x0000027f   Thumb Code     2  startup.o(RESET)
    ADC0Seq0_Handler                         0x00000283   Thumb Code     0  startup.o(RESET)
    ADC0Seq1_Handler                         0x00000283   Thumb Code     0  startup.o(RESET)
    ADC0Seq2_Handler                         0x00000283   Thumb Code     0  startup.o(RESET)
    ADC0Seq3_Handler                         0x00000283   Thumb Code     0  startup.o(RESET)
    ADC1Seq0_Handler                         0x00000283   Thumb Code     0  startup.o(RESET)
    ADC1Seq1_Handler                         0x00000283   Thumb Code     0  startup.o(RESET)
    ADC1Seq2_Handler                         0x00000283   Thumb Code     0  startup.o(RESET)
    ADC1Seq3_Handler                         0x00000283   Thumb Code     0  startup.o(RESET)
    CAN0_Handler                             0x00000283   Thumb Code     0  startup.o(RESET)
    CAN1_Handler                             0x00000283   Thumb Code     0  startup.o(RESET)
    CAN2_Handler                             0x00000283   Thumb Code     0  startup.o(RESET)
    Comp0_Handler                            0x00000283   Thumb Code     0  startup.o(RESET)
    Comp1_Handler                            0x00000283   Thumb Code     0  startup.o(RESET)
    Comp2_Handler                            0x00000283   Thumb Code     0  startup.o(RESET)
    Ethernet_Handler                         0x00000283   Thumb Code     0  startup.o(RESET)
    ExtBus_Handler                           0x00000283   Thumb Code     0  startup.o(RESET)
    FPU_Handler                              0x00000283   Thumb Code     0  startup.o(RESET)
    Fan0_Handler                             0x00000283   Thumb Code     0  startup.o(RESET)
    FlashCtl_Handler                         0x00000283   Thumb Code     0  startup.o(RESET)
    GPIOPortA_Handler                        0x00000283   Thumb Code     0  startup.o(RESET)
    GPIOPortB_Handler                        0x00000283   Thumb Code     0  startup.o(RESET)
    GPIOPortC_Handler                        0x00000283   Thumb Code     0  startup.o(RESET)
    GPIOPortD_Handler                        0x00000283   Thumb Code     0  startup.o(RESET)
    GPIOPortE_Handler                        0x00000283   Thumb Code     0  startup.o(RESET)
    GPIOPortF_Handler                        0x00000283   Thumb Code     0  startup.o(RESET)
    GPIOPortG_Handler                        0x00000283   Thumb Code     0  startup.o(RESET)
    GPIOPortH_Handler                        0x00000283   Thumb Code     0  startup.o(RESET)
    GPIOPortJ_Handler                        0x00000283   Thumb Code     0  startup.o(RESET)
    GPIOPortK_Handler                        0x00000283   Thumb Code     0  startup.o(RESET)
    GPIOPortL_Handler                        0x00000283   Thumb Code     0  startup.o(RESET)
    GPIOPortM_Handler                        0x00000283   Thumb Code     0  startup.o(RESET)
    GPIOPortN_Handler                        0x00000283   Thumb Code     0  startup.o(RESET)
    GPIOPortP1_Handler                       0x00000283   Thumb Code     0  startup.o(RESET)
    GPIOPortP2_Handler                       0x00000283   Thumb Code     0  startup.o(RESET)
    GPIOPortP3_Handler                       0x00000283   Thumb Code     0  startup.o(RESET)
    GPIOPortP4_Handler                       0x00000283   Thumb Code     0  startup.o(RESET)
    GPIOPortP5_Handler                       0x00000283   Thumb Code     0  startup.o(RESET)
    GPIOPortP6_Handler                       0x00000283   Thumb Code     0  startup.o(RESET)
    GPIOPortP7_Handler                       0x00000283   Thumb Code     0  startup.o(RESET)
    GPIOPortP_Handler                        0x00000283   Thumb Code     0  startup.o(RESET)
    GPIOPortQ1_Handler                       0x00000283   Thumb Code     0  startup.o(RESET)
    GPIOPortQ2_Handler                       0x00000283   Thumb Code     0  startup.o(RESET)
    GPIOPortQ3_Handler                       0x00000283   Thumb Code     0  startup.o(RESET)
    GPIOPortQ4_Handler                       0x00000283   Thumb Code     0  startup.o(RESET)
    GPIOPortQ5_Handler                       0x00000283   Thumb Code     0  startup.o(RESET)
    GPIOPortQ6_Handler                       0x00000283   Thumb Code     0  startup.o(RESET)
    GPIOPortQ7_Handler                       0x00000283   Thumb Code     0  startup.o(RESET)
    GPIOPortQ_Handler                        0x00000283   Thumb Code     0  startup.o(RESET)
    GPIOPortR_Handler                        0x00000283   Thumb Code     0  startup.o(RESET)
    GPIOPortS_Handler                        0x00000283   Thumb Code     0  startup.o(RESET)
    Hibernate_Handler                        0x00000283   Thumb Code     0  startup.o(RESET)
    I2C0_Handler                             0x00000283   Thumb Code     0  startup.o(RESET)
    I2C1_Handler                             0x00000283   Thumb Code     0  startup.o(RESET)
    I2C2_Handler                             0x00000283   Thumb Code     0  startup.o(RESET)
    I2C3_Handler                             0x00000283   Thumb Code     0  startup.o(RESET)
    I2C4_Handler                             0x00000283   Thumb Code     0  startup.o(RESET)
    I2C5_Handler                             0x00000283   Thumb Code     0  startup.o(RESET)
    I2S0_Handler                             0x00000283   Thumb Code     0  startup.o(RESET)
    LPC0_Handler                             0x00000283   Thumb Code     0  startup.o(RESET)
    PECI0_Handler                            0x00000283   Thumb Code     0  startup.o(RESET)
    PWM0Fault_Handler                        0x00000283   Thumb Code     0  startup.o(RESET)
    PWM0Generator0_Handler                   0x00000283   Thumb Code     0  startup.o(RESET)
    PWM0Generator1_Handler                   0x00000283   Thumb Code     0  startup.o(RESET)
    PWM0Generator2_Handler                   0x00000283   Thumb Code     0  startup.o(RESET)
    PWM0Generator3_Handler                   0x00000283   Thumb Code     0  startup.o(RESET)
    PWM1Fault_Handler                        0x00000283   Thumb Code     0  startup.o(RESET)
    PWM1Generator0_Handler                   0x00000283   Thumb Code     0  startup.o(RESET)
    PWM1Generator1_Handler                   0x00000283   Thumb Code     0  startup.o(RESET)
    PWM1Generator2_Handler                   0x00000283   Thumb Code     0  startup.o(RESET)
    PWM1Generator3_Handler                   0x00000283   Thumb Code     0  startup.o(RESET)
    Quadrature0_Handler                      0x00000283   Thumb Code     0  startup.o(RESET)
    Quadrature1_Handler                      0x00000283   Thumb Code     0  startup.o(RESET)
    Quadrature2_Handler                      0x00000283   Thumb Code     0  startup.o(RESET)
    SSI0_Handler                             0x00000283   Thumb Code     0  startup.o(RESET)
    SSI1_Handler                             0x00000283   Thumb Code     0  startup.o(RESET)
    SSI2_Handler                             0x00000283   Thumb Code     0  startup.o(RESET)
    SSI3_Handler                             0x00000283   Thumb Code     0  startup.o(RESET)
    SysCtl_Handler                           0x00000283   Thumb Code     0  startup.o(RESET)
    Timer0B_Handler                          0x00000283   Thumb Code     0  startup.o(RESET)
    Timer1B_Handler                          0x00000283   Thumb Code     0  startup.o(RESET)
    Timer2A_Handler                          0x00000283   Thumb Code     0  startup.o(RESET)
    Timer2B_Handler                          0x00000283   Thumb Code     0  startup.o(RESET)
    Timer3A_Handler                          0x00000283   Thumb Code     0  startup.o(RESET)
    Timer3B_Handler                          0x00000283   Thumb Code     0  startup.o(RESET)
    Timer4A_Handler                          0x00000283   Thumb Code     0  startup.o(RESET)
    Timer4B_Handler                          0x00000283   Thumb Code     0  startup.o(RESET)
    Timer5A_Handler                          0x00000283   Thumb Code     0  startup.o(RESET)
    Timer5B_Handler                          0x00000283   Thumb Code     0  startup.o(RESET)
    UART0_Handler                            0x00000283   Thumb Code     0  startup.o(RESET)
    UART1_Handler                            0x00000283   Thumb Code     0  startup.o(RESET)
    UART2_Handler                            0x00000283   Thumb Code     0  startup.o(RESET)
    UART3_Handler                            0x00000283   Thumb Code     0  startup.o(RESET)
    UART4_Handler                            0x00000283   Thumb Code     0  startup.o(RESET)
    UART5_Handler                            0x00000283   Thumb Code     0  startup.o(RESET)
    UART6_Handler                            0x00000283   Thumb Code     0  startup.o(RESET)
    UART7_Handler                            0x00000283   Thumb Code     0  startup.o(RESET)
    USB0_Handler                             0x00000283   Thumb Code     0  startup.o(RESET)
    WDT_Handler                              0x00000283   Thumb Code     0  startup.o(RESET)
    WideTimer0A_Handler                      0x00000283   Thumb Code     0  startup.o(RESET)
    WideTimer0B_Handler                      0x00000283   Thumb Code     0  startup.o(RESET)
    WideTimer1A_Handler                      0x00000283   Thumb Code     0  startup.o(RESET)
    WideTimer1B_Handler                      0x00000283   Thumb Code     0  startup.o(RESET)
    WideTimer2A_Handler                      0x00000283   Thumb Code     0  startup.o(RESET)
    WideTimer2B_Handler                      0x00000283   Thumb Code     0  startup.o(RESET)
    WideTimer3A_Handler                      0x00000283   Thumb Code     0  startup.o(RESET)
    WideTimer3B_Handler                      0x00000283   Thumb Code     0  startup.o(RESET)
    WideTimer4A_Handler                      0x00000283   Thumb Code     0  startup.o(RESET)
    WideTimer4B_Handler                      0x00000283   Thumb Code     0  startup.o(RESET)
    WideTimer5A_Handler                      0x00000283   Thumb Code     0  startup.o(RESET)
    WideTimer5B_Handler                      0x00000283   Thumb Code     0  startup.o(RESET)
    uDMA_Error                               0x00000283   Thumb Code     0  startup.o(RESET)
    uDMA_Handler                             0x00000283   Thumb Code     0  startup.o(RESET)
    __main                                   0x00000285   Thumb Code     8  __main.o(!!!main)
    __scatterload                            0x0000028d   Thumb Code     0  __scatter.o(!!!scatter)
    __scatterload_rt2                        0x0000028d   Thumb Code    44  __scatter.o(!!!scatter)
    __scatterload_rt2_thumb_only             0x0000028d   Thumb Code     0  __scatter.o(!!!scatter)
    __scatterload_null                       0x0000029b   Thumb Code     0  __scatter.o(!!!scatter)
    __decompress                             0x000002c1   Thumb Code   100  __dclz77c.o(!!dclz77c)
    __decompress2                            0x000002c1   Thumb Code     0  __dclz77c.o(!!dclz77c)
    __scatterload_zeroinit                   0x00000325   Thumb Code    28  __scatter_zi.o(!!handler_zi)
    __rt_lib_init                            0x00000341   Thumb Code     0  libinit.o(.ARM.Collect$$libinit$$00000000)
    __rt_lib_init_alloca_1                   0x00000343   Thumb Code     0  libinit2.o(.ARM.Collect$$libinit$$0000002C)
    __rt_lib_init_argv_1                     0x00000343   Thumb Code     0  libinit2.o(.ARM.Collect$$libinit$$0000002A)
    __rt_lib_init_atexit_1                   0x00000343   Thumb Code     0  libinit2.o(.ARM.Collect$$libinit$$00000019)
    __rt_lib_init_clock_1                    0x00000343   Thumb Code     0  libinit2.o(.ARM.Collect$$libinit$$0000001F)
    __rt_lib_init_cpp_1                      0x00000343   Thumb Code     0  libinit2.o(.ARM.Collect$$libinit$$00000030)
    __rt_lib_init_exceptions_1               0x00000343   Thumb Code     0  libinit2.o(.ARM.Collect$$libinit$$0000002E)
    __rt_lib_init_fp_1                       0x00000343   Thumb Code     0  libinit2.o(.ARM.Collect$$libinit$$00000002)
    __rt_lib_init_fp_trap_1                  0x00000343   Thumb Code     0  libinit2.o(.ARM.Collect$$libinit$$0000001D)
    __rt_lib_init_getenv_1                   0x00000343   Thumb Code     0  libinit2.o(.ARM.Collect$$libinit$$00000021)
    __rt_lib_init_heap_1                     0x00000343   Thumb Code     0  libinit2.o(.ARM.Collect$$libinit$$00000008)
    __rt_lib_init_lc_collate_1               0x00000343   Thumb Code     0  libinit2.o(.ARM.Collect$$libinit$$0000000F)
    __rt_lib_init_lc_ctype_1                 0x00000343   Thumb Code     0  libinit2.o(.ARM.Collect$$libinit$$00000011)
    __rt_lib_init_lc_monetary_1              0x00000343   Thumb Code     0  libinit2.o(.ARM.Collect$$libinit$$00000013)
    __rt_lib_init_lc_numeric_1               0x00000343   Thumb Code     0  libinit2.o(.ARM.Collect$$libinit$$00000015)
    __rt_lib_init_lc_time_1                  0x00000343   Thumb Code     0  libinit2.o(.ARM.Collect$$libinit$$00000017)
    __rt_lib_init_rand_1                     0x00000343   Thumb Code     0  libinit2.o(.ARM.Collect$$libinit$$0000000C)
    __rt_lib_init_return                     0x00000343   Thumb Code     0  libinit2.o(.ARM.Collect$$libinit$$00000031)
    __rt_lib_init_signal_1                   0x00000343   Thumb Code     0  libinit2.o(.ARM.Collect$$libinit$$0000001B)
    __rt_lib_init_stdio_1                    0x00000343   Thumb Code     0  libinit2.o(.ARM.Collect$$libinit$$00000023)
    __rt_lib_init_user_alloc_1               0x00000343   Thumb Code     0  libinit2.o(.ARM.Collect$$libinit$$0000000A)
    __rt_lib_shutdown                        0x00000345   Thumb Code     0  libshutdown.o(.ARM.Collect$$libshutdown$$00000000)
    __rt_lib_shutdown_fp_trap_1              0x00000347   Thumb Code     0  libshutdown2.o(.ARM.Collect$$libshutdown$$00000006)
    __rt_lib_shutdown_heap_1                 0x00000347   Thumb Code     0  libshutdown2.o(.ARM.Collect$$libshutdown$$0000000E)
    __rt_lib_shutdown_return                 0x00000347   Thumb Code     0  libshutdown2.o(.ARM.Collect$$libshutdown$$0000000F)
    __rt_lib_shutdown_signal_1               0x00000347   Thumb Code     0  libshutdown2.o(.ARM.Collect$$libshutdown$$00000009)
    __rt_lib_shutdown_stdio_1                0x00000347   Thumb Code     0  libshutdown2.o(.ARM.Collect$$libshutdown$$00000003)
    __rt_lib_shutdown_user_alloc_1           0x00000347   Thumb Code     0  libshutdown2.o(.ARM.Collect$$libshutdown$$0000000B)
    __rt_entry                               0x00000349   Thumb Code     0  rtentry.o(.ARM.Collect$$rtentry$$00000000)
    __rt_entry_presh_1                       0x00000349   Thumb Code     0  rtentry2.o(.ARM.Collect$$rtentry$$00000002)
    __rt_entry_sh                            0x00000349   Thumb Code     0  rtentry4.o(.ARM.Collect$$rtentry$$00000004)
    __rt_entry_li                            0x0000034f   Thumb Code     0  rtentry2.o(.ARM.Collect$$rtentry$$0000000A)
    __rt_entry_postsh_1                      0x0000034f   Thumb Code     0  rtentry2.o(.ARM.Collect$$rtentry$$00000009)
    __rt_entry_main                          0x00000353   Thumb Code     0  rtentry2.o(.ARM.Collect$$rtentry$$0000000D)
    __rt_entry_postli_1                      0x00000353   Thumb Code     0  rtentry2.o(.ARM.Collect$$rtentry$$0000000C)
    __rt_exit                                0x0000035b   Thumb Code     0  rtexit.o(.ARM.Collect$$rtexit$$00000000)
    __rt_exit_ls                             0x0000035d   Thumb Code     0  rtexit2.o(.ARM.Collect$$rtexit$$00000003)
    __rt_exit_prels_1                        0x0000035d   Thumb Code     0  rtexit2.o(.ARM.Collect$$rtexit$$00000002)
    __rt_exit_exit                           0x00000361   Thumb Code     0  rtexit2.o(.ARM.Collect$$rtexit$$00000004)
    DisableInterrupts                        0x00000369   Thumb Code     0  startup.o(.text)
    EnableInterrupts                         0x0000036d   Thumb Code     0  startup.o(.text)
    StartCritical                            0x00000371   Thumb Code     0  startup.o(.text)
    EndCritical                              0x00000379   Thumb Code     0  startup.o(.text)
    WaitForInterrupt                         0x0000037f   Thumb Code     0  startup.o(.text)
    __user_initial_stackheap                 0x00000383   Thumb Code     0  startup.o(.text)
    writecommand                             0x00000399   Thumb Code     0  lcd.o(.text)
    writedata                                0x000003bf   Thumb Code     0  lcd.o(.text)
    LCD_OutDec                               0x000003e5   Thumb Code     0  print.o(.text)
    LCD_OutFix                               0x00000455   Thumb Code     0  print.o(.text)
    __use_two_region_memory                  0x00000549   Thumb Code     2  heapauxi.o(.text)
    __rt_heap_escrow$2region                 0x0000054b   Thumb Code     2  heapauxi.o(.text)
    __rt_heap_expand$2region                 0x0000054d   Thumb Code     2  heapauxi.o(.text)
    __read_errno                             0x0000054f   Thumb Code    10  _rserrno.o(.text)
    __set_errno                              0x00000559   Thumb Code    12  _rserrno.o(.text)
    __aeabi_errno_addr                       0x00000565   Thumb Code     8  rt_errno_addr_intlibspace.o(.text)
    __errno$intlibspace                      0x00000565   Thumb Code     0  rt_errno_addr_intlibspace.o(.text)
    __rt_errno_addr$intlibspace              0x00000565   Thumb Code     0  rt_errno_addr_intlibspace.o(.text)
    __user_libspace                          0x0000056d   Thumb Code     8  libspace.o(.text)
    __user_perproc_libspace                  0x0000056d   Thumb Code     0  libspace.o(.text)
    __user_perthread_libspace                0x0000056d   Thumb Code     0  libspace.o(.text)
    __user_setup_stackheap                   0x00000575   Thumb Code    74  sys_stackheap_outer.o(.text)
    exit                                     0x000005bf   Thumb Code    12  exit.o(.text)
    _sys_exit                                0x000005cd   Thumb Code     8  sys_exit.o(.text)
    __I$use$semihosting                      0x000005d9   Thumb Code     0  use_no_semi.o(.text)
    __use_no_semihosting_swi                 0x000005d9   Thumb Code     2  use_no_semi.o(.text)
    __semihosting_library_function           0x000005db   Thumb Code     0  indicate_semi.o(.text)
    ADC_In                                   0x000005dd   Thumb Code    38  adc.o(i.ADC_In)
    ADC_Init                                 0x0000060d   Thumb Code   206  adc.o(i.ADC_Init)
    ClearMenu                                0x000006f1   Thumb Code    20  menu.o(i.ClearMenu)
    DAC_Init                                 0x00000709   Thumb Code    50  dac.o(i.DAC_Init)
    DAC_Out                                  0x00000749   Thumb Code    10  dac.o(i.DAC_Out)
    Delay                                    0x00000759   Thumb Code    12  projectile.o(i.Delay)
    Delay100ms                               0x00000769   Thumb Code    30  player.o(i.Delay100ms)
    Delay1ms                                 0x0000078d   Thumb Code    32  st7735.o(i.Delay1ms)
    DeleteProjectile                         0x000007ad   Thumb Code    28  projectile.o(i.DeleteProjectile)
    GetADC                                   0x000007d1   Thumb Code    30  spaceinvaders.o(i.GetADC)
    OutputNextState                          0x000007f5   Thumb Code  1564  spaceinvaders.o(i.OutputNextState)
    PLL_Init                                 0x00000e95   Thumb Code   118  pll.o(i.PLL_Init)
    Player1Fire                              0x00000f11   Thumb Code   488  projectile.o(i.Player1Fire)
    Player2Fire                              0x00001115   Thumb Code   500  projectile.o(i.Player2Fire)
    PortE_Init                               0x00001325   Thumb Code    44  spaceinvaders.o(i.PortE_Init)
    PrintAngleMenu                           0x0000135d   Thumb Code    20  menu.o(i.PrintAngleMenu)
    PrintArrow                               0x00001375   Thumb Code    72  menu.o(i.PrintArrow)
    PrintButtonMenu                          0x000013c9   Thumb Code    20  menu.o(i.PrintButtonMenu)
    PrintDeleteTurn                          0x000013e1   Thumb Code    20  menu.o(i.PrintDeleteTurn)
    PrintMoveMenu                            0x000013f9   Thumb Code    20  menu.o(i.PrintMoveMenu)
    PrintPlayer1Turn                         0x00001411   Thumb Code    20  menu.o(i.PrintPlayer1Turn)
    PrintPlayer2Turn                         0x00001429   Thumb Code    20  menu.o(i.PrintPlayer2Turn)
    PrintPowerMenu                           0x00001441   Thumb Code    20  menu.o(i.PrintPowerMenu)
    PrintProjectile                          0x00001459   Thumb Code    90  projectile.o(i.PrintProjectile)
    ProjectileSetPos                         0x000014c1   Thumb Code     8  projectile.o(i.ProjectileSetPos)
    ReturnArrow                              0x000014cd   Thumb Code    20  menu.o(i.ReturnArrow)
    ST7735_DrawBitmap                        0x000014e9   Thumb Code   280  st7735.o(i.ST7735_DrawBitmap)
    ST7735_DrawCharS                         0x00001609   Thumb Code   232  st7735.o(i.ST7735_DrawCharS)
    ST7735_DrawPixel                         0x000016fd   Thumb Code    64  st7735.o(i.ST7735_DrawPixel)
    ST7735_DrawString                        0x00001745   Thumb Code    86  st7735.o(i.ST7735_DrawString)
    ST7735_FillRect                          0x0000179d   Thumb Code   164  st7735.o(i.ST7735_FillRect)
    ST7735_FillScreen                        0x00001849   Thumb Code    28  st7735.o(i.ST7735_FillScreen)
    ST7735_InitR                             0x0000186d   Thumb Code    90  st7735.o(i.ST7735_InitR)
    ST7735_OutChar                           0x000018e9   Thumb Code   176  st7735.o(i.ST7735_OutChar)
    ST7735_OutString                         0x000019bd   Thumb Code    24  st7735.o(i.ST7735_OutString)
    ST7735_SetCursor                         0x000019d5   Thumb Code    22  st7735.o(i.ST7735_SetCursor)
    SliderMoveArrow                          0x000019f5   Thumb Code    22  menu.o(i.SliderMoveArrow)
    SysTick_Handler                          0x00001a11   Thumb Code    60  spaceinvaders.o(i.SysTick_Handler)
    SysTick_Init                             0x00001a5d   Thumb Code    44  spaceinvaders.o(i.SysTick_Init)
    Tank1GetPos                              0x00001a8d   Thumb Code     6  player.o(i.Tank1GetPos)
    Tank1MoveLeft                            0x00001a99   Thumb Code    42  player.o(i.Tank1MoveLeft)
    Tank1MoveRight                           0x00001ac9   Thumb Code    42  player.o(i.Tank1MoveRight)
    Tank1Print                               0x00001af9   Thumb Code    28  player.o(i.Tank1Print)
    Tank2GetPos                              0x00001b1d   Thumb Code     6  player.o(i.Tank2GetPos)
    Tank2MoveLeft                            0x00001b29   Thumb Code    42  player.o(i.Tank2MoveLeft)
    Tank2MoveRight                           0x00001b59   Thumb Code    42  player.o(i.Tank2MoveRight)
    Tank2Print                               0x00001b89   Thumb Code    28  player.o(i.Tank2Print)
    TanksReset                               0x00001bad   Thumb Code    24  player.o(i.TanksReset)
    Timer0A_Handler                          0x00001bcd   Thumb Code    16  timer0.o(i.Timer0A_Handler)
    Timer0_Init                              0x00001be5   Thumb Code    76  timer0.o(i.Timer0_Init)
    Timer1A_Handler                          0x00001c45   Thumb Code    16  timer1.o(i.Timer1A_Handler)
    __ARM_fpclassify                         0x00001c5d   Thumb Code    40  fpclassify.o(i.__ARM_fpclassify)
    __ieee754_rem_pio2                       0x00001c85   Thumb Code   832  rred.o(i.__ieee754_rem_pio2)
    __kernel_cos                             0x0000200d   Thumb Code   230  cos_i.o(i.__kernel_cos)
    __kernel_poly                            0x00002109   Thumb Code   170  poly.o(i.__kernel_poly)
    __kernel_sin                             0x000021b5   Thumb Code   224  sin_i.o(i.__kernel_sin)
    __mathlib_dbl_underflow                  0x000022a1   Thumb Code    10  dunder.o(i.__mathlib_dbl_underflow)
    abv                                      0x000022b1   Thumb Code    14  spaceinvaders.o(i.abv)
    cos                                      0x00002499   Thumb Code   164  cos.o(i.cos)
    main                                     0x00002545   Thumb Code   118  spaceinvaders.o(i.main)
    sin                                      0x00002659   Thumb Code   166  sin.o(i.sin)
    __aeabi_dadd                             0x00002709   Thumb Code     0  daddsub_clz.o(x$fpl$dadd)
    _dadd                                    0x00002709   Thumb Code   332  daddsub_clz.o(x$fpl$dadd)
    __fpl_dcheck_NaN1                        0x00002859   Thumb Code    10  dcheck1.o(x$fpl$dcheck1)
    __aeabi_ddiv                             0x00002869   Thumb Code     0  ddiv.o(x$fpl$ddiv)
    _ddiv                                    0x00002869   Thumb Code   552  ddiv.o(x$fpl$ddiv)
    __aeabi_d2iz                             0x00002b19   Thumb Code     0  dfix.o(x$fpl$dfix)
    _dfix                                    0x00002b19   Thumb Code    94  dfix.o(x$fpl$dfix)
    __aeabi_i2d                              0x00002b77   Thumb Code     0  dflt_clz.o(x$fpl$dflt)
    _dflt                                    0x00002b77   Thumb Code    46  dflt_clz.o(x$fpl$dflt)
    __aeabi_ui2d                             0x00002ba5   Thumb Code     0  dflt_clz.o(x$fpl$dfltu)
    _dfltu                                   0x00002ba5   Thumb Code    38  dflt_clz.o(x$fpl$dfltu)
    __aeabi_dmul                             0x00002bcd   Thumb Code     0  dmul.o(x$fpl$dmul)
    _dmul                                    0x00002bcd   Thumb Code   332  dmul.o(x$fpl$dmul)
    __fpl_dnaninf                            0x00002d21   Thumb Code   156  dnaninf.o(x$fpl$dnaninf)
    __fpl_dretinf                            0x00002dbd   Thumb Code    12  dretinf.o(x$fpl$dretinf)
    __aeabi_drsub                            0x00002dc9   Thumb Code     0  daddsub_clz.o(x$fpl$drsb)
    _drsb                                    0x00002dc9   Thumb Code    22  daddsub_clz.o(x$fpl$drsb)
    __aeabi_dsub                             0x00002de1   Thumb Code     0  daddsub_clz.o(x$fpl$dsub)
    _dsub                                    0x00002de1   Thumb Code   464  daddsub_clz.o(x$fpl$dsub)
    __fpl_return_NaN                         0x00002fb5   Thumb Code   100  retnan.o(x$fpl$retnan)
    __ARM_scalbn                             0x00003019   Thumb Code    92  scalbn.o(x$fpl$scalbn)
    __fpl_cmpreturn                          0x00003075   Thumb Code    48  trapv.o(x$fpl$trapveneer)
    Intro                                    0x000030a4   Data       40960  spaceinvaders.o(.constdata)
    __I$use$fp                               0x000030a4   Number         0  usenofp.o(x$fpl$usenofp)
    Mountain                                 0x0000d0a4   Data       40960  spaceinvaders.o(.constdata)
    dBfs                                     0x00017686   Data         512  st7735.o(.constdata)
    Tank1                                    0x00017886   Data         144  player.o(.constdata)
    Tank2                                    0x00017916   Data         144  player.o(.constdata)
    MenuArrow                                0x000179a6   Data         108  menu.o(.constdata)
    MenuArrowDisappear                       0x00017a12   Data         108  menu.o(.constdata)
    PowerSlide                               0x00017a7e   Data       12160  menu.o(.constdata)
    AngleSlide                               0x0001a9fe   Data       12160  menu.o(.constdata)
    ButtonMenu                               0x0001d97e   Data       12160  menu.o(.constdata)
    MenuDisappear                            0x000208fe   Data       12160  menu.o(.constdata)
    MoveMenu                                 0x0002387e   Data       12160  menu.o(.constdata)
    Player1                                  0x000267fe   Data        4480  menu.o(.constdata)
    Player2                                  0x0002797e   Data        4480  menu.o(.constdata)
    DeleteTurn                               0x00028afe   Data        4480  menu.o(.constdata)
    projectileImage                          0x00029c7e   Data           2  projectile.o(.constdata)
    projectileDisappear                      0x00029c80   Data           2  projectile.o(.constdata)
    Mountain1                                0x00029c82   Data       40960  projectile.o(.constdata)
    Region$$Table$$Base                      0x00033da8   Number         0  anon$$obj.o(Region$$Table)
    Region$$Table$$Limit                     0x00033dc8   Number         0  anon$$obj.o(Region$$Table)
    PeriodicTask0                            0x20000000   Data           4  timer0.o(.data)
    PeriodicTask1                            0x20000004   Data           4  timer1.o(.data)
    cannon                                   0x20000008   Data        5408  spaceinvaders.o(.data)
    select                                   0x20001528   Data         933  spaceinvaders.o(.data)
    fanfare                                  0x200018cd   Data       12776  spaceinvaders.o(.data)
    tankmove                                 0x20004ab5   Data        6145  spaceinvaders.o(.data)
    bulletimpact                             0x200062b6   Data        2115  spaceinvaders.o(.data)
    dacIndex                                 0x20006afc   Data           4  spaceinvaders.o(.data)
    length                                   0x20006b00   Data           4  spaceinvaders.o(.data)
    currentSound                             0x20006b04   Data           4  spaceinvaders.o(.data)
    currentState                             0x20006b08   Data           4  spaceinvaders.o(.data)
    prevState                                0x20006b0c   Data           4  spaceinvaders.o(.data)
    ADC_Mailbox                              0x20006b10   Data           4  spaceinvaders.o(.data)
    angle1                                   0x20006b14   Data           4  spaceinvaders.o(.data)
    angle2                                   0x20006b18   Data           4  spaceinvaders.o(.data)
    power1                                   0x20006b1c   Data           4  spaceinvaders.o(.data)
    power2                                   0x20006b20   Data           4  spaceinvaders.o(.data)
    p1score                                  0x20006b24   Data           4  spaceinvaders.o(.data)
    p2score                                  0x20006b28   Data           4  spaceinvaders.o(.data)
    FSM                                      0x20006b2c   Data         684  spaceinvaders.o(.data)
    StX                                      0x20006dd8   Data           4  st7735.o(.data)
    StY                                      0x20006ddc   Data           4  st7735.o(.data)
    StTextColor                              0x20006de0   Data           2  st7735.o(.data)
    lastj                                    0x20006de8   Data           4  st7735.o(.data)
    Messageindex                             0x20006df0   Data           4  st7735.o(.data)
    Ymax                                     0x20006df4   Data           4  st7735.o(.data)
    Ymin                                     0x20006df8   Data           4  st7735.o(.data)
    X                                        0x20006dfc   Data           4  st7735.o(.data)
    Yrange                                   0x20006e00   Data           4  st7735.o(.data)
    tank1                                    0x20006e04   Data          12  player.o(.data)
    tank2                                    0x20006e10   Data          12  player.o(.data)
    arrowLocs                                0x20006e1c   Data          16  menu.o(.data)
    arrow                                    0x20006e2c   Data          12  menu.o(.data)
    projectile                               0x20006e38   Data          24  projectile.o(.data)
    __libspace_start                         0x20006e50   Data          96  libspace.o(.bss)
    __temporary_stack_top$libspace           0x20006eb0   Data           0  libspace.o(.bss)



==============================================================================

Memory Map of the image

  Image Entry point : 0x0000026d

  Load Region LR_1 (Base: 0x00000000, Size: 0x0003ac18, Max: 0xffffffff, ABSOLUTE, COMPRESSED[0x00035ffc])

    Execution Region ER_RO (Base: 0x00000000, Size: 0x00033dc8, Max: 0xffffffff, ABSOLUTE)

    Base Addr    Size         Type   Attr      Idx    E Section Name        Object

    0x00000000   0x00000284   Code   RO            3  * RESET               startup.o
    0x00000284   0x00000008   Code   RO          692  * !!!main             c_w.l(__main.o)
    0x0000028c   0x00000034   Code   RO          926    !!!scatter          c_w.l(__scatter.o)
    0x000002c0   0x00000064   Code   RO          924    !!dclz77c           c_w.l(__dclz77c.o)
    0x00000324   0x0000001c   Code   RO          928    !!handler_zi        c_w.l(__scatter_zi.o)
    0x00000340   0x00000002   Code   RO          796    .ARM.Collect$$libinit$$00000000  c_w.l(libinit.o)
    0x00000342   0x00000000   Code   RO          802    .ARM.Collect$$libinit$$00000002  c_w.l(libinit2.o)
    0x00000342   0x00000000   Code   RO          805    .ARM.Collect$$libinit$$00000008  c_w.l(libinit2.o)
    0x00000342   0x00000000   Code   RO          807    .ARM.Collect$$libinit$$0000000A  c_w.l(libinit2.o)
    0x00000342   0x00000000   Code   RO          809    .ARM.Collect$$libinit$$0000000C  c_w.l(libinit2.o)
    0x00000342   0x00000000   Code   RO          812    .ARM.Collect$$libinit$$0000000F  c_w.l(libinit2.o)
    0x00000342   0x00000000   Code   RO          814    .ARM.Collect$$libinit$$00000011  c_w.l(libinit2.o)
    0x00000342   0x00000000   Code   RO          816    .ARM.Collect$$libinit$$00000013  c_w.l(libinit2.o)
    0x00000342   0x00000000   Code   RO          818    .ARM.Collect$$libinit$$00000015  c_w.l(libinit2.o)
    0x00000342   0x00000000   Code   RO          820    .ARM.Collect$$libinit$$00000017  c_w.l(libinit2.o)
    0x00000342   0x00000000   Code   RO          822    .ARM.Collect$$libinit$$00000019  c_w.l(libinit2.o)
    0x00000342   0x00000000   Code   RO          824    .ARM.Collect$$libinit$$0000001B  c_w.l(libinit2.o)
    0x00000342   0x00000000   Code   RO          826    .ARM.Collect$$libinit$$0000001D  c_w.l(libinit2.o)
    0x00000342   0x00000000   Code   RO          828    .ARM.Collect$$libinit$$0000001F  c_w.l(libinit2.o)
    0x00000342   0x00000000   Code   RO          830    .ARM.Collect$$libinit$$00000021  c_w.l(libinit2.o)
    0x00000342   0x00000000   Code   RO          832    .ARM.Collect$$libinit$$00000023  c_w.l(libinit2.o)
    0x00000342   0x00000000   Code   RO          836    .ARM.Collect$$libinit$$0000002A  c_w.l(libinit2.o)
    0x00000342   0x00000000   Code   RO          838    .ARM.Collect$$libinit$$0000002C  c_w.l(libinit2.o)
    0x00000342   0x00000000   Code   RO          840    .ARM.Collect$$libinit$$0000002E  c_w.l(libinit2.o)
    0x00000342   0x00000000   Code   RO          842    .ARM.Collect$$libinit$$00000030  c_w.l(libinit2.o)
    0x00000342   0x00000002   Code   RO          843    .ARM.Collect$$libinit$$00000031  c_w.l(libinit2.o)
    0x00000344   0x00000002   Code   RO          865    .ARM.Collect$$libshutdown$$00000000  c_w.l(libshutdown.o)
    0x00000346   0x00000000   Code   RO          879    .ARM.Collect$$libshutdown$$00000003  c_w.l(libshutdown2.o)
    0x00000346   0x00000000   Code   RO          882    .ARM.Collect$$libshutdown$$00000006  c_w.l(libshutdown2.o)
    0x00000346   0x00000000   Code   RO          885    .ARM.Collect$$libshutdown$$00000009  c_w.l(libshutdown2.o)
    0x00000346   0x00000000   Code   RO          887    .ARM.Collect$$libshutdown$$0000000B  c_w.l(libshutdown2.o)
    0x00000346   0x00000000   Code   RO          890    .ARM.Collect$$libshutdown$$0000000E  c_w.l(libshutdown2.o)
    0x00000346   0x00000002   Code   RO          891    .ARM.Collect$$libshutdown$$0000000F  c_w.l(libshutdown2.o)
    0x00000348   0x00000000   Code   RO          732    .ARM.Collect$$rtentry$$00000000  c_w.l(rtentry.o)
    0x00000348   0x00000000   Code   RO          757    .ARM.Collect$$rtentry$$00000002  c_w.l(rtentry2.o)
    0x00000348   0x00000006   Code   RO          769    .ARM.Collect$$rtentry$$00000004  c_w.l(rtentry4.o)
    0x0000034e   0x00000000   Code   RO          759    .ARM.Collect$$rtentry$$00000009  c_w.l(rtentry2.o)
    0x0000034e   0x00000004   Code   RO          760    .ARM.Collect$$rtentry$$0000000A  c_w.l(rtentry2.o)
    0x00000352   0x00000000   Code   RO          762    .ARM.Collect$$rtentry$$0000000C  c_w.l(rtentry2.o)
    0x00000352   0x00000008   Code   RO          763    .ARM.Collect$$rtentry$$0000000D  c_w.l(rtentry2.o)
    0x0000035a   0x00000002   Code   RO          799    .ARM.Collect$$rtexit$$00000000  c_w.l(rtexit.o)
    0x0000035c   0x00000000   Code   RO          847    .ARM.Collect$$rtexit$$00000002  c_w.l(rtexit2.o)
    0x0000035c   0x00000004   Code   RO          848    .ARM.Collect$$rtexit$$00000003  c_w.l(rtexit2.o)
    0x00000360   0x00000006   Code   RO          849    .ARM.Collect$$rtexit$$00000004  c_w.l(rtexit2.o)
    0x00000366   0x00000002   PAD
    0x00000368   0x00000030   Code   RO            4    .text               startup.o
    0x00000398   0x0000004c   Code   RO          116    .text               lcd.o
    0x000003e4   0x00000164   Code   RO          119    .text               print.o
    0x00000548   0x00000006   Code   RO          690    .text               c_w.l(heapauxi.o)
    0x0000054e   0x00000016   Code   RO          733    .text               c_w.l(_rserrno.o)
    0x00000564   0x00000008   Code   RO          774    .text               c_w.l(rt_errno_addr_intlibspace.o)
    0x0000056c   0x00000008   Code   RO          784    .text               c_w.l(libspace.o)
    0x00000574   0x0000004a   Code   RO          787    .text               c_w.l(sys_stackheap_outer.o)
    0x000005be   0x0000000c   Code   RO          789    .text               c_w.l(exit.o)
    0x000005ca   0x00000002   PAD
    0x000005cc   0x0000000c   Code   RO          857    .text               c_w.l(sys_exit.o)
    0x000005d8   0x00000002   Code   RO          868    .text               c_w.l(use_no_semi.o)
    0x000005da   0x00000000   Code   RO          870    .text               c_w.l(indicate_semi.o)
    0x000005da   0x00000002   PAD
    0x000005dc   0x00000030   Code   RO           41    i.ADC_In            adc.o
    0x0000060c   0x000000e4   Code   RO           42    i.ADC_Init          adc.o
    0x000006f0   0x00000018   Code   RO          542    i.ClearMenu         menu.o
    0x00000708   0x00000040   Code   RO           16    i.DAC_Init          dac.o
    0x00000748   0x00000010   Code   RO           17    i.DAC_Out           dac.o
    0x00000758   0x00000010   Code   RO          630    i.Delay             projectile.o
    0x00000768   0x00000024   Code   RO          472    i.Delay100ms        player.o
    0x0000078c   0x00000020   Code   RO          197    i.Delay1ms          st7735.o
    0x000007ac   0x00000024   Code   RO          631    i.DeleteProjectile  projectile.o
    0x000007d0   0x00000024   Code   RO          122    i.GetADC            spaceinvaders.o
    0x000007f4   0x000006a0   Code   RO          123    i.OutputNextState   spaceinvaders.o
    0x00000e94   0x0000007c   Code   RO          460    i.PLL_Init          pll.o
    0x00000f10   0x00000204   Code   RO          632    i.Player1Fire       projectile.o
    0x00001114   0x00000210   Code   RO          633    i.Player2Fire       projectile.o
    0x00001324   0x00000038   Code   RO          124    i.PortE_Init        spaceinvaders.o
    0x0000135c   0x00000018   Code   RO          545    i.PrintAngleMenu    menu.o
    0x00001374   0x00000054   Code   RO          546    i.PrintArrow        menu.o
    0x000013c8   0x00000018   Code   RO          547    i.PrintButtonMenu   menu.o
    0x000013e0   0x00000018   Code   RO          548    i.PrintDeleteTurn   menu.o
    0x000013f8   0x00000018   Code   RO          549    i.PrintMoveMenu     menu.o
    0x00001410   0x00000018   Code   RO          550    i.PrintPlayer1Turn  menu.o
    0x00001428   0x00000018   Code   RO          551    i.PrintPlayer2Turn  menu.o
    0x00001440   0x00000018   Code   RO          552    i.PrintPowerMenu    menu.o
    0x00001458   0x00000068   Code   RO          634    i.PrintProjectile   projectile.o
    0x000014c0   0x0000000c   Code   RO          635    i.ProjectileSetPos  projectile.o
    0x000014cc   0x0000001c   Code   RO          553    i.ReturnArrow       menu.o
    0x000014e8   0x00000120   Code   RO          204    i.ST7735_DrawBitmap  st7735.o
    0x00001608   0x000000f4   Code   RO          206    i.ST7735_DrawCharS  st7735.o
    0x000016fc   0x00000048   Code   RO          209    i.ST7735_DrawPixel  st7735.o
    0x00001744   0x00000056   Code   RO          210    i.ST7735_DrawString  st7735.o
    0x0000179a   0x00000002   PAD
    0x0000179c   0x000000ac   Code   RO          211    i.ST7735_FillRect   st7735.o
    0x00001848   0x00000024   Code   RO          212    i.ST7735_FillScreen  st7735.o
    0x0000186c   0x0000007c   Code   RO          214    i.ST7735_InitR      st7735.o
    0x000018e8   0x000000d4   Code   RO          216    i.ST7735_OutChar    st7735.o
    0x000019bc   0x00000018   Code   RO          217    i.ST7735_OutString  st7735.o
    0x000019d4   0x00000020   Code   RO          227    i.ST7735_SetCursor  st7735.o
    0x000019f4   0x0000001c   Code   RO          554    i.SliderMoveArrow   menu.o
    0x00001a10   0x0000004c   Code   RO          125    i.SysTick_Handler   spaceinvaders.o
    0x00001a5c   0x00000030   Code   RO          126    i.SysTick_Init      spaceinvaders.o
    0x00001a8c   0x0000000c   Code   RO          473    i.Tank1GetPos       player.o
    0x00001a98   0x00000030   Code   RO          474    i.Tank1MoveLeft     player.o
    0x00001ac8   0x00000030   Code   RO          475    i.Tank1MoveRight    player.o
    0x00001af8   0x00000024   Code   RO          476    i.Tank1Print        player.o
    0x00001b1c   0x0000000c   Code   RO          477    i.Tank2GetPos       player.o
    0x00001b28   0x00000030   Code   RO          478    i.Tank2MoveLeft     player.o
    0x00001b58   0x00000030   Code   RO          479    i.Tank2MoveRight    player.o
    0x00001b88   0x00000024   Code   RO          480    i.Tank2Print        player.o
    0x00001bac   0x00000020   Code   RO          481    i.TanksReset        player.o
    0x00001bcc   0x00000018   Code   RO           59    i.Timer0A_Handler   timer0.o
    0x00001be4   0x00000060   Code   RO           60    i.Timer0_Init       timer0.o
    0x00001c44   0x00000018   Code   RO           83    i.Timer1A_Handler   timer1.o
    0x00001c5c   0x00000028   Code   RO          780    i.__ARM_fpclassify  m_ws.l(fpclassify.o)
    0x00001c84   0x00000388   Code   RO          745    i.__ieee754_rem_pio2  m_ws.l(rred.o)
    0x0000200c   0x000000fc   Code   RO          742    i.__kernel_cos      m_ws.l(cos_i.o)
    0x00002108   0x000000aa   Code   RO          782    i.__kernel_poly     m_ws.l(poly.o)
    0x000021b2   0x00000002   PAD
    0x000021b4   0x000000ec   Code   RO          750    i.__kernel_sin      m_ws.l(sin_i.o)
    0x000022a0   0x00000010   Code   RO          778    i.__mathlib_dbl_underflow  m_ws.l(dunder.o)
    0x000022b0   0x0000000e   Code   RO          127    i.abv               spaceinvaders.o
    0x000022be   0x00000056   Code   RO          231    i.commandList       st7735.o
    0x00002314   0x00000184   Code   RO          232    i.commonInit        st7735.o
    0x00002498   0x000000ac   Code   RO          717    i.cos               m_ws.l(cos.o)
    0x00002544   0x0000008c   Code   RO          128    i.main              spaceinvaders.o
    0x000025d0   0x00000012   Code   RO          237    i.pushColor         st7735.o
    0x000025e2   0x00000002   PAD
    0x000025e4   0x00000074   Code   RO          238    i.setAddrWindow     st7735.o
    0x00002658   0x000000b0   Code   RO          725    i.sin               m_ws.l(sin.o)
    0x00002708   0x00000150   Code   RO          694    x$fpl$dadd          fz_ws.l(daddsub_clz.o)
    0x00002858   0x00000010   Code   RO          776    x$fpl$dcheck1       fz_ws.l(dcheck1.o)
    0x00002868   0x000002b0   Code   RO          701    x$fpl$ddiv          fz_ws.l(ddiv.o)
    0x00002b18   0x0000005e   Code   RO          704    x$fpl$dfix          fz_ws.l(dfix.o)
    0x00002b76   0x0000002e   Code   RO          709    x$fpl$dflt          fz_ws.l(dflt_clz.o)
    0x00002ba4   0x00000026   Code   RO          708    x$fpl$dfltu         fz_ws.l(dflt_clz.o)
    0x00002bca   0x00000002   PAD
    0x00002bcc   0x00000154   Code   RO          714    x$fpl$dmul          fz_ws.l(dmul.o)
    0x00002d20   0x0000009c   Code   RO          735    x$fpl$dnaninf       fz_ws.l(dnaninf.o)
    0x00002dbc   0x0000000c   Code   RO          737    x$fpl$dretinf       fz_ws.l(dretinf.o)
    0x00002dc8   0x00000016   Code   RO          695    x$fpl$drsb          fz_ws.l(daddsub_clz.o)
    0x00002dde   0x00000002   PAD
    0x00002de0   0x000001d4   Code   RO          696    x$fpl$dsub          fz_ws.l(daddsub_clz.o)
    0x00002fb4   0x00000064   Code   RO          797    x$fpl$retnan        fz_ws.l(retnan.o)
    0x00003018   0x0000005c   Code   RO          739    x$fpl$scalbn        fz_ws.l(scalbn.o)
    0x00003074   0x00000030   Code   RO          844    x$fpl$trapveneer    fz_ws.l(trapv.o)
    0x000030a4   0x00000000   Code   RO          741    x$fpl$usenofp       fz_ws.l(usenofp.o)
    0x000030a4   0x00014000   Data   RO          129    .constdata          spaceinvaders.o
    0x000170a4   0x000007e2   Data   RO          240    .constdata          st7735.o
    0x00017886   0x00000120   Data   RO          482    .constdata          player.o
    0x000179a6   0x000122d8   Data   RO          555    .constdata          menu.o
    0x00029c7e   0x0000a004   Data   RO          638    .constdata          projectile.o
    0x00033c82   0x00000006   PAD
    0x00033c88   0x00000030   Data   RO          743    .constdata          m_ws.l(cos_i.o)
    0x00033cb8   0x000000c8   Data   RO          747    .constdata          m_ws.l(rred.o)
    0x00033d80   0x00000028   Data   RO          751    .constdata          m_ws.l(sin_i.o)
    0x00033da8   0x00000020   Data   RO          922    Region$$Table       anon$$obj.o


    Execution Region ER_RW (Base: 0x20000000, Size: 0x00006e50, Max: 0xffffffff, ABSOLUTE, COMPRESSED[0x00002234])

    Base Addr    Size         Type   Attr      Idx    E Section Name        Object

    0x20000000   0x00000004   Data   RW           61    .data               timer0.o
    0x20000004   0x00000004   Data   RW           85    .data               timer1.o
    0x20000008   0x00006dd0   Data   RW          130    .data               spaceinvaders.o
    0x20006dd8   0x0000002c   Data   RW          241    .data               st7735.o
    0x20006e04   0x00000018   Data   RW          483    .data               player.o
    0x20006e1c   0x0000001c   Data   RW          556    .data               menu.o
    0x20006e38   0x00000018   Data   RW          639    .data               projectile.o


    Execution Region ER_ZI (Base: 0x20006e50, Size: 0x00000460, Max: 0xffffffff, ABSOLUTE)

    Base Addr    Size         Type   Attr      Idx    E Section Name        Object

    0x20006e50   0x00000060   Zero   RW          785    .bss                c_w.l(libspace.o)
    0x20006eb0   0x00000000   Zero   RW            2    HEAP                startup.o
    0x20006eb0   0x00000400   Zero   RW            1    STACK               startup.o


==============================================================================

Image component sizes


      Code (inc. data)   RO Data    RW Data    ZI Data      Debug   Object Name

       276         32          0          0          0        872   adc.o
        80         20          0          0          0       4981   dac.o
        76         12          0          0          0        212   lcd.o
       332         58      74456         28          0       5427   menu.o
       356         66        288         24          0       4840   player.o
       124          6          0          0          0        427   pll.o
       356          0          0          0          0        308   print.o
      1212         86      40964         24          0       4223   projectile.o
      2066        266      81920      28112          0       6687   spaceinvaders.o
      1930        182       2018         44          0      12042   st7735.o
       692        632          0          0       1024        924   startup.o
       120         28          0          4          0       1328   timer0.o
        24          8          0          4          0        854   timer1.o

    ----------------------------------------------------------------------
      7648       1396     199684      28240       1024      43125   Object Totals
         0          0         32          0          0          0   (incl. Generated)
         4          0          6          0          0          0   (incl. Padding)

    ----------------------------------------------------------------------

      Code (inc. data)   RO Data    RW Data    ZI Data      Debug   Library Member Name

       100          0          0          0          0          0   __dclz77c.o
         8          0          0          0          0         68   __main.o
        52          8          0          0          0          0   __scatter.o
        28          0          0          0          0          0   __scatter_zi.o
        22          0          0          0          0        100   _rserrno.o
        12          0          0          0          0         72   exit.o
         6          0          0          0          0        152   heapauxi.o
         0          0          0          0          0          0   indicate_semi.o
         2          0          0          0          0          0   libinit.o
         2          0          0          0          0          0   libinit2.o
         2          0          0          0          0          0   libshutdown.o
         2          0          0          0          0          0   libshutdown2.o
         8          4          0          0         96         68   libspace.o
         8          4          0          0          0         68   rt_errno_addr_intlibspace.o
         0          0          0          0          0          0   rtentry.o
        12          0          0          0          0          0   rtentry2.o
         6          0          0          0          0          0   rtentry4.o
         2          0          0          0          0          0   rtexit.o
        10          0          0          0          0          0   rtexit2.o
        12          4          0          0          0         68   sys_exit.o
        74          0          0          0          0         80   sys_stackheap_outer.o
         2          0          0          0          0         68   use_no_semi.o
       826         16          0          0          0        348   daddsub_clz.o
        16          4          0          0          0         68   dcheck1.o
       688        140          0          0          0        208   ddiv.o
        94          4          0          0          0         92   dfix.o
        84          0          0          0          0        136   dflt_clz.o
       340         12          0          0          0        104   dmul.o
       156          4          0          0          0         92   dnaninf.o
        12          0          0          0          0         68   dretinf.o
       100          0          0          0          0         68   retnan.o
        92          0          0          0          0         68   scalbn.o
        48          0          0          0          0         68   trapv.o
         0          0          0          0          0          0   usenofp.o
       172          8          0          0          0        112   cos.o
       252         22         48          0          0        124   cos_i.o
        16          6          0          0          0         68   dunder.o
        40          0          0          0          0         68   fpclassify.o
       170          0          0          0          0         96   poly.o
       904         72        200          0          0        140   rred.o
       176         10          0          0          0        116   sin.o
       236         12         40          0          0        128   sin_i.o

    ----------------------------------------------------------------------
      4804        330        288          0         96       2916   Library Totals
        12          0          0          0          0          0   (incl. Padding)

    ----------------------------------------------------------------------

      Code (inc. data)   RO Data    RW Data    ZI Data      Debug   Library Name

       370         20          0          0         96        744   c_w.l
      2456        180          0          0          0       1320   fz_ws.l
      1966        130        288          0          0        852   m_ws.l

    ----------------------------------------------------------------------
      4804        330        288          0         96       2916   Library Totals

    ----------------------------------------------------------------------

==============================================================================


      Code (inc. data)   RO Data    RW Data    ZI Data      Debug   

     12452       1726     199972      28240       1120      41725   Grand Totals
     12452       1726     199972       8756       1120      41725   ELF Image Totals (compressed)
     12452       1726     199972       8756          0          0   ROM Totals

==============================================================================

    Total RO  Size (Code + RO Data)               212424 ( 207.45kB)
    Total RW  Size (RW Data + ZI Data)             29360 (  28.67kB)
    Total ROM Size (Code + RO Data + RW Data)     221180 ( 216.00kB)

==============================================================================

